Archive member included to satisfy reference by file (symbol)

c:/users/zongyo/documents/gcc-arm-none-eabi-10.3-2021.10/bin/../lib/gcc/arm-none-eabi/10.3.1/../../../../arm-none-eabi/lib/thumb/v7e-m+fp/hard\libc_nano.a(lib_a-exit.o)
                              c:/users/zongyo/documents/gcc-arm-none-eabi-10.3-2021.10/bin/../lib/gcc/arm-none-eabi/10.3.1/../../../../arm-none-eabi/lib/thumb/v7e-m+fp/hard/crt0.o (exit)
c:/users/zongyo/documents/gcc-arm-none-eabi-10.3-2021.10/bin/../lib/gcc/arm-none-eabi/10.3.1/../../../../arm-none-eabi/lib/thumb/v7e-m+fp/hard\libc_nano.a(lib_a-impure.o)
                              c:/users/zongyo/documents/gcc-arm-none-eabi-10.3-2021.10/bin/../lib/gcc/arm-none-eabi/10.3.1/../../../../arm-none-eabi/lib/thumb/v7e-m+fp/hard\libc_nano.a(lib_a-exit.o) (_global_impure_ptr)
c:/users/zongyo/documents/gcc-arm-none-eabi-10.3-2021.10/bin/../lib/gcc/arm-none-eabi/10.3.1/../../../../arm-none-eabi/lib/thumb/v7e-m+fp/hard\libc_nano.a(lib_a-init.o)
                              c:/users/zongyo/documents/gcc-arm-none-eabi-10.3-2021.10/bin/../lib/gcc/arm-none-eabi/10.3.1/../../../../arm-none-eabi/lib/thumb/v7e-m+fp/hard/crt0.o (__libc_init_array)
c:/users/zongyo/documents/gcc-arm-none-eabi-10.3-2021.10/bin/../lib/gcc/arm-none-eabi/10.3.1/../../../../arm-none-eabi/lib/thumb/v7e-m+fp/hard\libc_nano.a(lib_a-memset.o)
                              c:/users/zongyo/documents/gcc-arm-none-eabi-10.3-2021.10/bin/../lib/gcc/arm-none-eabi/10.3.1/../../../../arm-none-eabi/lib/thumb/v7e-m+fp/hard/crt0.o (memset)
c:/users/zongyo/documents/gcc-arm-none-eabi-10.3-2021.10/bin/../lib/gcc/arm-none-eabi/10.3.1/../../../../arm-none-eabi/lib/thumb/v7e-m+fp/hard\libc_nano.a(lib_a-nano-vfprintf_float.o)
                              (_printf_float)
c:/users/zongyo/documents/gcc-arm-none-eabi-10.3-2021.10/bin/../lib/gcc/arm-none-eabi/10.3.1/../../../../arm-none-eabi/lib/thumb/v7e-m+fp/hard\libc_nano.a(lib_a-nano-vfprintf_i.o)
                              c:/users/zongyo/documents/gcc-arm-none-eabi-10.3-2021.10/bin/../lib/gcc/arm-none-eabi/10.3.1/../../../../arm-none-eabi/lib/thumb/v7e-m+fp/hard\libc_nano.a(lib_a-nano-vfprintf_float.o) (_printf_common)
c:/users/zongyo/documents/gcc-arm-none-eabi-10.3-2021.10/bin/../lib/gcc/arm-none-eabi/10.3.1/../../../../arm-none-eabi/lib/thumb/v7e-m+fp/hard\libc_nano.a(lib_a-sprintf.o)
                              build/main.o (sprintf)
c:/users/zongyo/documents/gcc-arm-none-eabi-10.3-2021.10/bin/../lib/gcc/arm-none-eabi/10.3.1/../../../../arm-none-eabi/lib/thumb/v7e-m+fp/hard\libc_nano.a(lib_a-strlen.o)
                              build/main.o (strlen)
c:/users/zongyo/documents/gcc-arm-none-eabi-10.3-2021.10/bin/../lib/gcc/arm-none-eabi/10.3.1/../../../../arm-none-eabi/lib/thumb/v7e-m+fp/hard\libc_nano.a(lib_a-dtoa.o)
                              c:/users/zongyo/documents/gcc-arm-none-eabi-10.3-2021.10/bin/../lib/gcc/arm-none-eabi/10.3.1/../../../../arm-none-eabi/lib/thumb/v7e-m+fp/hard\libc_nano.a(lib_a-nano-vfprintf_float.o) (_dtoa_r)
c:/users/zongyo/documents/gcc-arm-none-eabi-10.3-2021.10/bin/../lib/gcc/arm-none-eabi/10.3.1/../../../../arm-none-eabi/lib/thumb/v7e-m+fp/hard\libc_nano.a(lib_a-localeconv.o)
                              c:/users/zongyo/documents/gcc-arm-none-eabi-10.3-2021.10/bin/../lib/gcc/arm-none-eabi/10.3.1/../../../../arm-none-eabi/lib/thumb/v7e-m+fp/hard\libc_nano.a(lib_a-nano-vfprintf_float.o) (_localeconv_r)
c:/users/zongyo/documents/gcc-arm-none-eabi-10.3-2021.10/bin/../lib/gcc/arm-none-eabi/10.3.1/../../../../arm-none-eabi/lib/thumb/v7e-m+fp/hard\libc_nano.a(lib_a-malloc.o)
                              c:/users/zongyo/documents/gcc-arm-none-eabi-10.3-2021.10/bin/../lib/gcc/arm-none-eabi/10.3.1/../../../../arm-none-eabi/lib/thumb/v7e-m+fp/hard\libc_nano.a(lib_a-dtoa.o) (malloc)
c:/users/zongyo/documents/gcc-arm-none-eabi-10.3-2021.10/bin/../lib/gcc/arm-none-eabi/10.3.1/../../../../arm-none-eabi/lib/thumb/v7e-m+fp/hard\libc_nano.a(lib_a-memchr.o)
                              c:/users/zongyo/documents/gcc-arm-none-eabi-10.3-2021.10/bin/../lib/gcc/arm-none-eabi/10.3.1/../../../../arm-none-eabi/lib/thumb/v7e-m+fp/hard\libc_nano.a(lib_a-nano-vfprintf_i.o) (memchr)
c:/users/zongyo/documents/gcc-arm-none-eabi-10.3-2021.10/bin/../lib/gcc/arm-none-eabi/10.3.1/../../../../arm-none-eabi/lib/thumb/v7e-m+fp/hard\libc_nano.a(lib_a-memcpy-stub.o)
                              c:/users/zongyo/documents/gcc-arm-none-eabi-10.3-2021.10/bin/../lib/gcc/arm-none-eabi/10.3.1/../../../../arm-none-eabi/lib/thumb/v7e-m+fp/hard\libc_nano.a(lib_a-dtoa.o) (memcpy)
c:/users/zongyo/documents/gcc-arm-none-eabi-10.3-2021.10/bin/../lib/gcc/arm-none-eabi/10.3.1/../../../../arm-none-eabi/lib/thumb/v7e-m+fp/hard\libc_nano.a(lib_a-mprec.o)
                              c:/users/zongyo/documents/gcc-arm-none-eabi-10.3-2021.10/bin/../lib/gcc/arm-none-eabi/10.3.1/../../../../arm-none-eabi/lib/thumb/v7e-m+fp/hard\libc_nano.a(lib_a-dtoa.o) (_Balloc)
[...]
Memory Configuration

Name             Origin             Length             Attributes
RAM              0x20000000         0x00020000         xrw
FLASH            0x08000000         0x00080000         xr
*default*        0x00000000         0xffffffff

Linker script and memory map

LOAD c:/users/zongyo/documents/gcc-arm-none-eabi-10.3-2021.10/bin/../lib/gcc/arm-none-eabi/10.3.1/thumb/v7e-m+fp/hard/crti.o
LOAD c:/users/zongyo/documents/gcc-arm-none-eabi-10.3-2021.10/bin/../lib/gcc/arm-none-eabi/10.3.1/thumb/v7e-m+fp/hard/crtbegin.o
LOAD c:/users/zongyo/documents/gcc-arm-none-eabi-10.3-2021.10/bin/../lib/gcc/arm-none-eabi/10.3.1/../../../../arm-none-eabi/lib/thumb/v7e-m+fp/hard/crt0.o
LOAD build/fir.o
LOAD build/pid.o
LOAD build/main.o
LOAD build/gpio.o
LOAD build/spi.o
LOAD build/usart.o
LOAD build/stm32f4xx_it.o
LOAD build/stm32f4xx_hal_msp.o
LOAD build/stm32f4xx_hal_spi.o
LOAD build/stm32f4xx_hal_rcc.o
LOAD build/stm32f4xx_hal_rcc_ex.o
LOAD build/stm32f4xx_hal_flash.o
LOAD build/stm32f4xx_hal_flash_ex.o
LOAD build/stm32f4xx_hal_flash_ramfunc.o
LOAD build/stm32f4xx_hal_gpio.o
LOAD build/stm32f4xx_hal_dma_ex.o
LOAD build/stm32f4xx_hal_dma.o
LOAD build/stm32f4xx_hal_pwr.o
LOAD build/stm32f4xx_hal_pwr_ex.o
LOAD build/stm32f4xx_hal_cortex.o
LOAD build/stm32f4xx_hal.o
LOAD build/stm32f4xx_hal_exti.o
LOAD build/stm32f4xx_hal_tim.o
LOAD build/stm32f4xx_hal_tim_ex.o
LOAD build/stm32f4xx_hal_uart.o
LOAD build/system_stm32f4xx.o
LOAD build/adc.o
LOAD build/tim.o
LOAD build/stm32f4xx_hal_adc.o
LOAD build/stm32f4xx_hal_adc_ex.o
LOAD build/stm32f4xx_ll_adc.o
LOAD build/dma.o
LOAD build/startup_stm32f446xx.o
LOAD c:/users/zongyo/documents/gcc-arm-none-eabi-10.3-2021.10/bin/../lib/gcc/arm-none-eabi/10.3.1/../../../../arm-none-eabi/lib/thumb/v7e-m+fp/hard\libc_nano.a
LOAD c:/users/zongyo/documents/gcc-arm-none-eabi-10.3-2021.10/bin/../lib/gcc/arm-none-eabi/10.3.1/../../../../arm-none-eabi/lib/thumb/v7e-m+fp/hard\libm.a
LOAD c:/users/zongyo/documents/gcc-arm-none-eabi-10.3-2021.10/bin/../lib/gcc/arm-none-eabi/10.3.1/../../../../arm-none-eabi/lib/thumb/v7e-m+fp/hard\libnosys.a
START GROUP
LOAD c:/users/zongyo/documents/gcc-arm-none-eabi-10.3-2021.10/bin/../lib/gcc/arm-none-eabi/10.3.1/thumb/v7e-m+fp/hard\libgcc.a
LOAD c:/users/zongyo/documents/gcc-arm-none-eabi-10.3-2021.10/bin/../lib/gcc/arm-none-eabi/10.3.1/../../../../arm-none-eabi/lib/thumb/v7e-m+fp/hard\libc_nano.a
END GROUP
START GROUP
LOAD c:/users/zongyo/documents/gcc-arm-none-eabi-10.3-2021.10/bin/../lib/gcc/arm-none-eabi/10.3.1/thumb/v7e-m+fp/hard\libgcc.a
LOAD c:/users/zongyo/documents/gcc-arm-none-eabi-10.3-2021.10/bin/../lib/gcc/arm-none-eabi/10.3.1/../../../../arm-none-eabi/lib/thumb/v7e-m+fp/hard\libc_nano.a
END GROUP
LOAD c:/users/zongyo/documents/gcc-arm-none-eabi-10.3-2021.10/bin/../lib/gcc/arm-none-eabi/10.3.1/thumb/v7e-m+fp/hard/crtend.o
LOAD c:/users/zongyo/documents/gcc-arm-none-eabi-10.3-2021.10/bin/../lib/gcc/arm-none-eabi/10.3.1/thumb/v7e-m+fp/hard/crtn.o
                0x20020000                _estack = (ORIGIN (RAM) + LENGTH (RAM))
                0x00000200                _Min_Heap_Size = 0x200
                0x00000400                _Min_Stack_Size = 0x400

.isr_vector     0x08000000      0x1c4
                0x08000000                . = ALIGN (0x4)
 *(.isr_vector)
 .isr_vector    0x08000000      0x1c4 build/startup_stm32f446xx.o
                0x08000000                g_pfnVectors
                0x080001c4                . = ALIGN (0x4)

.text           0x080001d0     0x6ab0
                0x080001d0                . = ALIGN (0x4)
 *(.text)
 .text          0x080001d0       0x40 c:/users/zongyo/documents/gcc-arm-none-eabi-10.3-2021.10/bin/../lib/gcc/arm-none-eabi/10.3.1/thumb/v7e-m+fp/hard/crtbegin.o
 .text          0x08000210       0x10 c:/users/zongyo/documents/gcc-arm-none-eabi-10.3-2021.10/bin/../lib/gcc/arm-none-eabi/10.3.1/../../../../arm-none-eabi/lib/thumb/v7e-m+fp/hard\libc_nano.a(lib_a-strlen.o)
                0x08000210                strlen
 .text          0x08000220       0xa0 c:/users/zongyo/documents/gcc-arm-none-eabi-10.3-2021.10/bin/../lib/gcc/arm-none-eabi/10.3.1/../../../../arm-none-eabi/lib/thumb/v7e-m+fp/hard\libc_nano.a(lib_a-memchr.o)
                0x08000220                memchr
 .text          0x080002c0      0x378 c:/users/zongyo/documents/gcc-arm-none-eabi-10.3-2021.10/bin/../lib/gcc/arm-none-eabi/10.3.1/thumb/v7e-m+fp/hard\libgcc.a(_arm_addsubdf3.o)
                0x080002c0                __aeabi_drsub
                0x080002c8                __aeabi_dsub
                0x080002c8                __subdf3
                0x080002cc                __aeabi_dadd
                0x080002cc                __adddf3
                0x08000544                __floatunsidf
                0x08000544                __aeabi_ui2d
                0x08000564                __floatsidf
                0x08000564                __aeabi_i2d
                0x08000588                __aeabi_f2d
                0x08000588                __extendsfdf2
                0x080005cc                __floatundidf
                0x080005cc                __aeabi_ul2d
                0x080005dc                __floatdidf
                0x080005dc                __aeabi_l2d
 .text          0x08000638      0x424 c:/users/zongyo/documents/gcc-arm-none-eabi-10.3-2021.10/bin/../lib/gcc/arm-none-eabi/10.3.1/thumb/v7e-m+fp/hard\libgcc.a(_arm_muldivdf3.o)
                0x08000638                __aeabi_dmul
                0x08000638                __muldf3
                0x0800088c                __divdf3
                0x0800088c                __aeabi_ddiv
 .text          0x08000a5c      0x110 c:/users/zongyo/documents/gcc-arm-none-eabi-10.3-2021.10/bin/../lib/gcc/arm-none-eabi/10.3.1/thumb/v7e-m+fp/hard\libgcc.a(_arm_cmpdf2.o)
                0x08000a5c                __gtdf2
                0x08000a5c                __gedf2
                0x08000a64                __ltdf2
                0x08000a64                __ledf2
                0x08000a6c                __nedf2
                0x08000a6c                __eqdf2
                0x08000a6c                __cmpdf2
                0x08000ae8                __aeabi_cdrcmple
                0x08000af8                __aeabi_cdcmpeq
                0x08000af8                __aeabi_cdcmple
                0x08000b08                __aeabi_dcmpeq
                0x08000b1c                __aeabi_dcmplt
                0x08000b30                __aeabi_dcmple
                0x08000b44                __aeabi_dcmpge
                0x08000b58                __aeabi_dcmpgt
 .text          0x08000b6c       0x2c c:/users/zongyo/documents/gcc-arm-none-eabi-10.3-2021.10/bin/../lib/gcc/arm-none-eabi/10.3.1/thumb/v7e-m+fp/hard\libgcc.a(_arm_unorddf2.o)
                0x08000b6c                __unorddf2
                0x08000b6c                __aeabi_dcmpun
 .text          0x08000b98       0x50 c:/users/zongyo/documents/gcc-arm-none-eabi-10.3-2021.10/bin/../lib/gcc/arm-none-eabi/10.3.1/thumb/v7e-m+fp/hard\libgcc.a(_arm_fixdfsi.o)
                0x08000b98                __aeabi_d2iz
                0x08000b98                __fixdfsi
 .text          0x08000be8       0x30 c:/users/zongyo/documents/gcc-arm-none-eabi-10.3-2021.10/bin/../lib/gcc/arm-none-eabi/10.3.1/thumb/v7e-m+fp/hard\libgcc.a(_aeabi_uldivmod.o)
                0x08000be8                __aeabi_uldivmod
 .text          0x08000c18      0x2d0 c:/users/zongyo/documents/gcc-arm-none-eabi-10.3-2021.10/bin/../lib/gcc/arm-none-eabi/10.3.1/thumb/v7e-m+fp/hard\libgcc.a(_udivmoddi4.o)
                0x08000c18                __udivmoddi4
 .text          0x08000ee8        0x4 c:/users/zongyo/documents/gcc-arm-none-eabi-10.3-2021.10/bin/../lib/gcc/arm-none-eabi/10.3.1/thumb/v7e-m+fp/hard\libgcc.a(_dvmd_tls.o)
                0x08000ee8                __aeabi_idiv0
                0x08000ee8                __aeabi_ldiv0
 *(.text*)
 .text.avg_fliter16_t
                0x08000eec       0x1a build/fir.o
                0x08000eec                avg_fliter16_t
 .text.Error_Handler
                0x08000f06        0x4 build/main.o
                0x08000f06                Error_Handler
 *fill*         0x08000f0a        0x2 
 .text.SystemClock_Config
                0x08000f0c       0xa8 build/main.o
                0x08000f0c                SystemClock_Config
 .text.main     0x08000fb4      0x174 build/main.o
                0x08000fb4                main
 .text.MX_GPIO_Init
                0x08001128       0xc8 build/gpio.o
                0x08001128                MX_GPIO_Init
 .text.MX_SPI2_Init
                0x080011f0       0x48 build/spi.o
                0x080011f0                MX_SPI2_Init
 .text.HAL_SPI_MspInit
                0x08001238       0xb8 build/spi.o
                0x08001238                HAL_SPI_MspInit
 .text.MX_USART2_UART_Init
                0x080012f0       0x34 build/usart.o
                0x080012f0                MX_USART2_UART_Init
 .text.HAL_UART_MspInit
                0x08001324       0x70 build/usart.o
                0x08001324                HAL_UART_MspInit
 .text.NMI_Handler
                0x08001394        0x2 build/stm32f4xx_it.o
                0x08001394                NMI_Handler
 .text.HardFault_Handler
                0x08001396        0x2 build/stm32f4xx_it.o
                0x08001396                HardFault_Handler
 .text.MemManage_Handler
                0x08001398        0x2 build/stm32f4xx_it.o
                0x08001398                MemManage_Handler
 .text.BusFault_Handler
                0x0800139a        0x2 build/stm32f4xx_it.o
                0x0800139a                BusFault_Handler
 .text.UsageFault_Handler
                0x0800139c        0x2 build/stm32f4xx_it.o
                0x0800139c                UsageFault_Handler
 .text.SVC_Handler
                0x0800139e        0x2 build/stm32f4xx_it.o
                0x0800139e                SVC_Handler
 .text.DebugMon_Handler
                0x080013a0        0x2 build/stm32f4xx_it.o
                0x080013a0                DebugMon_Handler
 .text.PendSV_Handler
                0x080013a2        0x2 build/stm32f4xx_it.o
                0x080013a2                PendSV_Handler
 .text.SysTick_Handler
                0x080013a4        0x8 build/stm32f4xx_it.o
                0x080013a4                SysTick_Handler
 .text.ADC_IRQHandler
                0x080013ac       0x24 build/stm32f4xx_it.o
                0x080013ac                ADC_IRQHandler
 .text.TIM3_IRQHandler
                0x080013d0       0x10 build/stm32f4xx_it.o
                0x080013d0                TIM3_IRQHandler
 .text.DMA2_Stream0_IRQHandler
                0x080013e0       0x10 build/stm32f4xx_it.o
                0x080013e0                DMA2_Stream0_IRQHandler
 .text.DMA2_Stream1_IRQHandler
                0x080013f0       0x10 build/stm32f4xx_it.o
                0x080013f0                DMA2_Stream1_IRQHandler
 .text.DMA2_Stream2_IRQHandler
                0x08001400       0x10 build/stm32f4xx_it.o
                0x08001400                DMA2_Stream2_IRQHandler
 .text.HAL_MspInit
                0x08001410       0x40 build/stm32f4xx_hal_msp.o
                0x08001410                HAL_MspInit
 .text.SPI_WaitFlagStateUntilTimeout
                0x08001450       0xd4 build/stm32f4xx_hal_spi.o
 .text.SPI_EndRxTxTransaction
                0x08001524       0x68 build/stm32f4xx_hal_spi.o
 .text.HAL_SPI_Init
                0x0800158c       0xbe build/stm32f4xx_hal_spi.o
                0x0800158c                HAL_SPI_Init
 .text.HAL_SPI_TransmitReceive
                0x0800164a      0x238 build/stm32f4xx_hal_spi.o
                0x0800164a                HAL_SPI_TransmitReceive
 *fill*         0x08001882        0x2 
 .text.HAL_RCC_ClockConfig
                0x08001884      0x160 build/stm32f4xx_hal_rcc.o
                0x08001884                HAL_RCC_ClockConfig
 .text.HAL_RCC_GetHCLKFreq
                0x080019e4        0xc build/stm32f4xx_hal_rcc.o
                0x080019e4                HAL_RCC_GetHCLKFreq
 .text.HAL_RCC_GetPCLK1Freq
                0x080019f0       0x20 build/stm32f4xx_hal_rcc.o
                0x080019f0                HAL_RCC_GetPCLK1Freq
 .text.HAL_RCC_GetPCLK2Freq
                0x08001a10       0x20 build/stm32f4xx_hal_rcc.o
                0x08001a10                HAL_RCC_GetPCLK2Freq
 .text.HAL_RCC_GetSysClockFreq
                0x08001a30      0x180 build/stm32f4xx_hal_rcc_ex.o
                0x08001a30                HAL_RCC_GetSysClockFreq
 .text.HAL_RCC_OscConfig
                0x08001bb0      0x444 build/stm32f4xx_hal_rcc_ex.o
                0x08001bb0                HAL_RCC_OscConfig
 .text.HAL_GPIO_Init
                0x08001ff4      0x1d8 build/stm32f4xx_hal_gpio.o
                0x08001ff4                HAL_GPIO_Init
 .text.HAL_GPIO_WritePin
                0x080021cc        0xc build/stm32f4xx_hal_gpio.o
                0x080021cc                HAL_GPIO_WritePin
 .text.DMA_SetConfig
                0x080021d8       0x2c build/stm32f4xx_hal_dma.o
 .text.DMA_CalcBaseAndBitshift
                0x08002204       0x44 build/stm32f4xx_hal_dma.o
 .text.DMA_CheckFifoParam
                0x08002248       0x8e build/stm32f4xx_hal_dma.o
 *fill*         0x080022d6        0x2 
 .text.HAL_DMA_Init
                0x080022d8       0xcc build/stm32f4xx_hal_dma.o
                0x080022d8                HAL_DMA_Init
 .text.HAL_DMA_Start_IT
                0x080023a4       0x6a build/stm32f4xx_hal_dma.o
                0x080023a4                HAL_DMA_Start_IT
 *fill*         0x0800240e        0x2 
 .text.HAL_DMA_IRQHandler
                0x08002410      0x1dc build/stm32f4xx_hal_dma.o
                0x08002410                HAL_DMA_IRQHandler
 .text.HAL_NVIC_SetPriorityGrouping
                0x080025ec       0x24 build/stm32f4xx_hal_cortex.o
                0x080025ec                HAL_NVIC_SetPriorityGrouping
 .text.HAL_NVIC_SetPriority
                0x08002610       0x70 build/stm32f4xx_hal_cortex.o
                0x08002610                HAL_NVIC_SetPriority
 .text.HAL_NVIC_EnableIRQ
                0x08002680       0x1c build/stm32f4xx_hal_cortex.o
                0x08002680                HAL_NVIC_EnableIRQ
 .text.HAL_SYSTICK_Config
                0x0800269c       0x28 build/stm32f4xx_hal_cortex.o
                0x0800269c                HAL_SYSTICK_Config
 .text.HAL_InitTick
                0x080026c4       0x4c build/stm32f4xx_hal.o
                0x080026c4                HAL_InitTick
 .text.HAL_Init
                0x08002710       0x34 build/stm32f4xx_hal.o
                0x08002710                HAL_Init
 .text.HAL_IncTick
                0x08002744       0x18 build/stm32f4xx_hal.o
                0x08002744                HAL_IncTick
 .text.HAL_GetTick
                0x0800275c        0xc build/stm32f4xx_hal.o
                0x0800275c                HAL_GetTick
 .text.HAL_Delay
                0x08002768       0x28 build/stm32f4xx_hal.o
                0x08002768                HAL_Delay
 .text.TIM_OC1_SetConfig
                0x08002790       0x68 build/stm32f4xx_hal_tim.o
 .text.TIM_OC3_SetConfig
                0x080027f8       0x70 build/stm32f4xx_hal_tim.o
 .text.TIM_OC4_SetConfig
                0x08002868       0x50 build/stm32f4xx_hal_tim.o
 .text.HAL_TIM_PeriodElapsedCallback
                0x080028b8        0x2 build/stm32f4xx_hal_tim.o
                0x080028b8                HAL_TIM_PeriodElapsedCallback
 .text.HAL_TIM_OC_DelayElapsedCallback
                0x080028ba        0x2 build/stm32f4xx_hal_tim.o
                0x080028ba                HAL_TIM_OC_DelayElapsedCallback
 .text.HAL_TIM_IC_CaptureCallback
                0x080028bc        0x2 build/stm32f4xx_hal_tim.o
                0x080028bc                HAL_TIM_IC_CaptureCallback
 .text.HAL_TIM_PWM_PulseFinishedCallback
                0x080028be        0x2 build/stm32f4xx_hal_tim.o
                0x080028be                HAL_TIM_PWM_PulseFinishedCallback
 .text.HAL_TIM_TriggerCallback
                0x080028c0        0x2 build/stm32f4xx_hal_tim.o
                0x080028c0                HAL_TIM_TriggerCallback
 .text.HAL_TIM_IRQHandler
                0x080028c2      0x17a build/stm32f4xx_hal_tim.o
                0x080028c2                HAL_TIM_IRQHandler
 .text.TIM_Base_SetConfig
                0x08002a3c       0xc8 build/stm32f4xx_hal_tim.o
                0x08002a3c                TIM_Base_SetConfig
 .text.HAL_TIM_PWM_Init
                0x08002b04       0x58 build/stm32f4xx_hal_tim.o
                0x08002b04                HAL_TIM_PWM_Init
 .text.TIM_OC2_SetConfig
                0x08002b5c       0x70 build/stm32f4xx_hal_tim.o
                0x08002b5c                TIM_OC2_SetConfig
 .text.HAL_TIM_PWM_ConfigChannel
                0x08002bcc       0xdc build/stm32f4xx_hal_tim.o
                0x08002bcc                HAL_TIM_PWM_ConfigChannel
 .text.TIM_CCxChannelCmd
                0x08002ca8       0x1e build/stm32f4xx_hal_tim.o
                0x08002ca8                TIM_CCxChannelCmd
 *fill*         0x08002cc6        0x2 
 .text.HAL_TIM_PWM_Start
                0x08002cc8      0x104 build/stm32f4xx_hal_tim.o
                0x08002cc8                HAL_TIM_PWM_Start
 .text.HAL_TIMEx_MasterConfigSynchronization
                0x08002dcc       0x8c build/stm32f4xx_hal_tim_ex.o
                0x08002dcc                HAL_TIMEx_MasterConfigSynchronization
 .text.HAL_TIMEx_CommutCallback
                0x08002e58        0x2 build/stm32f4xx_hal_tim_ex.o
                0x08002e58                HAL_TIMEx_CommutCallback
 .text.HAL_TIMEx_BreakCallback
                0x08002e5a        0x2 build/stm32f4xx_hal_tim_ex.o
                0x08002e5a                HAL_TIMEx_BreakCallback
 .text.UART_SetConfig
                0x08002e5c      0x110 build/stm32f4xx_hal_uart.o
 .text.UART_WaitOnFlagUntilTimeout
                0x08002f6c       0x88 build/stm32f4xx_hal_uart.o
 .text.HAL_UART_Init
                0x08002ff4       0x5e build/stm32f4xx_hal_uart.o
                0x08002ff4                HAL_UART_Init
 .text.HAL_UART_Transmit
                0x08003052       0xd8 build/stm32f4xx_hal_uart.o
                0x08003052                HAL_UART_Transmit
 *fill*         0x0800312a        0x2 
 .text.SystemInit
                0x0800312c       0x14 build/system_stm32f4xx.o
                0x0800312c                SystemInit
 .text.MX_ADC1_Init
                0x08003140       0x70 build/adc.o
                0x08003140                MX_ADC1_Init
 .text.MX_ADC2_Init
                0x080031b0       0x6c build/adc.o
                0x080031b0                MX_ADC2_Init
 .text.MX_ADC3_Init
                0x0800321c       0x6c build/adc.o
                0x0800321c                MX_ADC3_Init
 .text.HAL_ADC_MspInit
                0x08003288      0x1f8 build/adc.o
                0x08003288                HAL_ADC_MspInit
 .text.HAL_TIM_PWM_MspInit
                0x08003480       0x78 build/tim.o
                0x08003480                HAL_TIM_PWM_MspInit
 .text.HAL_TIM_MspPostInit
                0x080034f8       0x80 build/tim.o
                0x080034f8                HAL_TIM_MspPostInit
 .text.MX_TIM3_Init
                0x08003578       0xd4 build/tim.o
                0x08003578                MX_TIM3_Init
 .text.ADC_Init
                0x0800364c      0x134 build/stm32f4xx_hal_adc.o
 .text.HAL_ADC_Init
                0x08003780       0x56 build/stm32f4xx_hal_adc.o
                0x08003780                HAL_ADC_Init
 *fill*         0x080037d6        0x2 
 .text.HAL_ADC_Start_DMA
                0x080037d8      0x19c build/stm32f4xx_hal_adc.o
                0x080037d8                HAL_ADC_Start_DMA
 .text.HAL_ADC_ConvCpltCallback
                0x08003974        0x2 build/stm32f4xx_hal_adc.o
                0x08003974                HAL_ADC_ConvCpltCallback
 .text.HAL_ADC_ConvHalfCpltCallback
                0x08003976        0x2 build/stm32f4xx_hal_adc.o
                0x08003976                HAL_ADC_ConvHalfCpltCallback
 .text.ADC_DMAHalfConvCplt
                0x08003978        0xa build/stm32f4xx_hal_adc.o
 .text.HAL_ADC_LevelOutOfWindowCallback
                0x08003982        0x2 build/stm32f4xx_hal_adc.o
                0x08003982                HAL_ADC_LevelOutOfWindowCallback
 .text.HAL_ADC_ErrorCallback
                0x08003984        0x2 build/stm32f4xx_hal_adc.o
                0x08003984                HAL_ADC_ErrorCallback
 .text.HAL_ADC_IRQHandler
                0x08003986      0x142 build/stm32f4xx_hal_adc.o
                0x08003986                HAL_ADC_IRQHandler
 .text.ADC_DMAError
                0x08003ac8       0x16 build/stm32f4xx_hal_adc.o
 .text.ADC_DMAConvCplt
                0x08003ade       0x72 build/stm32f4xx_hal_adc.o
 .text.HAL_ADC_ConfigChannel
                0x08003b50      0x1ac build/stm32f4xx_hal_adc.o
                0x08003b50                HAL_ADC_ConfigChannel
 .text.HAL_ADCEx_InjectedConvCpltCallback
                0x08003cfc        0x2 build/stm32f4xx_hal_adc_ex.o
                0x08003cfc                HAL_ADCEx_InjectedConvCpltCallback
 *fill*         0x08003cfe        0x2 
 .text.MX_DMA_Init
                0x08003d00       0x54 build/dma.o
                0x08003d00                MX_DMA_Init
 .text.Reset_Handler
                0x08003d54       0x50 build/startup_stm32f446xx.o
                0x08003d54                Reset_Handler
 .text.Default_Handler
                0x08003da4        0x2 build/startup_stm32f446xx.o
                0x08003da4                RTC_Alarm_IRQHandler
                0x08003da4                EXTI2_IRQHandler
                0x08003da4                TIM8_CC_IRQHandler
                0x08003da4                FMPI2C1_EV_IRQHandler
                0x08003da4                SPI4_IRQHandler
                0x08003da4                TIM1_CC_IRQHandler
                0x08003da4                DMA2_Stream5_IRQHandler
                0x08003da4                DMA1_Stream5_IRQHandler
                0x08003da4                PVD_IRQHandler
                0x08003da4                SDIO_IRQHandler
                0x08003da4                TAMP_STAMP_IRQHandler
                0x08003da4                CAN2_RX1_IRQHandler
                0x08003da4                EXTI3_IRQHandler
                0x08003da4                TIM8_TRG_COM_TIM14_IRQHandler
                0x08003da4                TIM1_UP_TIM10_IRQHandler
                0x08003da4                TIM8_UP_TIM13_IRQHandler
                0x08003da4                I2C3_ER_IRQHandler
                0x08003da4                EXTI0_IRQHandler
                0x08003da4                I2C2_EV_IRQHandler
                0x08003da4                DMA1_Stream2_IRQHandler
                0x08003da4                CAN1_RX0_IRQHandler
                0x08003da4                FPU_IRQHandler
                0x08003da4                OTG_HS_WKUP_IRQHandler
                0x08003da4                CAN2_SCE_IRQHandler
                0x08003da4                SPI1_IRQHandler
                0x08003da4                TIM6_DAC_IRQHandler
                0x08003da4                TIM1_BRK_TIM9_IRQHandler
                0x08003da4                DCMI_IRQHandler
                0x08003da4                CAN2_RX0_IRQHandler
                0x08003da4                DMA2_Stream3_IRQHandler
                0x08003da4                SAI2_IRQHandler
                0x08003da4                USART6_IRQHandler
                0x08003da4                USART3_IRQHandler
                0x08003da4                CAN1_RX1_IRQHandler
                0x08003da4                UART5_IRQHandler
                0x08003da4                TIM4_IRQHandler
                0x08003da4                QUADSPI_IRQHandler
                0x08003da4                I2C1_EV_IRQHandler
                0x08003da4                DMA1_Stream6_IRQHandler
                0x08003da4                DMA1_Stream1_IRQHandler
                0x08003da4                UART4_IRQHandler
                0x08003da4                RCC_IRQHandler
                0x08003da4                TIM8_BRK_TIM12_IRQHandler
                0x08003da4                Default_Handler
                0x08003da4                CEC_IRQHandler
                0x08003da4                EXTI15_10_IRQHandler
                0x08003da4                DMA1_Stream7_IRQHandler
                0x08003da4                TIM7_IRQHandler
                0x08003da4                CAN2_TX_IRQHandler
                0x08003da4                TIM5_IRQHandler
                0x08003da4                DMA2_Stream7_IRQHandler
                0x08003da4                I2C3_EV_IRQHandler
                0x08003da4                EXTI9_5_IRQHandler
                0x08003da4                RTC_WKUP_IRQHandler
                0x08003da4                SPDIF_RX_IRQHandler
                0x08003da4                SPI2_IRQHandler
                0x08003da4                OTG_HS_EP1_IN_IRQHandler
                0x08003da4                DMA1_Stream0_IRQHandler
                0x08003da4                CAN1_TX_IRQHandler
                0x08003da4                FMPI2C1_ER_IRQHandler
                0x08003da4                EXTI4_IRQHandler
                0x08003da4                OTG_HS_EP1_OUT_IRQHandler
                0x08003da4                WWDG_IRQHandler
                0x08003da4                TIM2_IRQHandler
                0x08003da4                OTG_FS_WKUP_IRQHandler
                0x08003da4                TIM1_TRG_COM_TIM11_IRQHandler
                0x08003da4                OTG_HS_IRQHandler
                0x08003da4                EXTI1_IRQHandler
                0x08003da4                USART2_IRQHandler
                0x08003da4                I2C2_ER_IRQHandler
                0x08003da4                CAN1_SCE_IRQHandler
                0x08003da4                FLASH_IRQHandler
                0x08003da4                DMA2_Stream4_IRQHandler
                0x08003da4                USART1_IRQHandler
                0x08003da4                OTG_FS_IRQHandler
                0x08003da4                SPI3_IRQHandler
                0x08003da4                DMA1_Stream4_IRQHandler
                0x08003da4                I2C1_ER_IRQHandler
                0x08003da4                FMC_IRQHandler
                0x08003da4                DMA2_Stream6_IRQHandler
                0x08003da4                SAI1_IRQHandler
                0x08003da4                DMA1_Stream3_IRQHandler
 *fill*         0x08003da6        0x2 
 .text.__libc_init_array
                0x08003da8       0x48 c:/users/zongyo/documents/gcc-arm-none-eabi-10.3-2021.10/bin/../lib/gcc/arm-none-eabi/10.3.1/../../../../arm-none-eabi/lib/thumb/v7e-m+fp/hard\libc_nano.a(lib_a-init.o)
                0x08003da8                __libc_init_array
 .text.memset   0x08003df0       0x10 c:/users/zongyo/documents/gcc-arm-none-eabi-10.3-2021.10/bin/../lib/gcc/arm-none-eabi/10.3.1/../../../../arm-none-eabi/lib/thumb/v7e-m+fp/hard\libc_nano.a(lib_a-memset.o)
                0x08003df0                memset
 .text.__cvt    0x08003e00       0xc4 c:/users/zongyo/documents/gcc-arm-none-eabi-10.3-2021.10/bin/../lib/gcc/arm-none-eabi/10.3.1/../../../../arm-none-eabi/lib/thumb/v7e-m+fp/hard\libc_nano.a(lib_a-nano-vfprintf_float.o)
                0x08003e00                __cvt
 .text.__exponent
                0x08003ec4       0x7c c:/users/zongyo/documents/gcc-arm-none-eabi-10.3-2021.10/bin/../lib/gcc/arm-none-eabi/10.3.1/../../../../arm-none-eabi/lib/thumb/v7e-m+fp/hard\libc_nano.a(lib_a-nano-vfprintf_float.o)
                0x08003ec4                __exponent
 .text._printf_float
                0x08003f40      0x46c c:/users/zongyo/documents/gcc-arm-none-eabi-10.3-2021.10/bin/../lib/gcc/arm-none-eabi/10.3.1/../../../../arm-none-eabi/lib/thumb/v7e-m+fp/hard\libc_nano.a(lib_a-nano-vfprintf_float.o)
                0x08003f40                _printf_float
 .text._printf_common
                0x080043ac       0xda c:/users/zongyo/documents/gcc-arm-none-eabi-10.3-2021.10/bin/../lib/gcc/arm-none-eabi/10.3.1/../../../../arm-none-eabi/lib/thumb/v7e-m+fp/hard\libc_nano.a(lib_a-nano-vfprintf_i.o)
                0x080043ac                _printf_common
 *fill*         0x08004486        0x2 
 .text._printf_i
                0x08004488      0x24c c:/users/zongyo/documents/gcc-arm-none-eabi-10.3-2021.10/bin/../lib/gcc/arm-none-eabi/10.3.1/../../../../arm-none-eabi/lib/thumb/v7e-m+fp/hard\libc_nano.a(lib_a-nano-vfprintf_i.o)
                0x08004488                _printf_i
 .text.sprintf  0x080046d4       0x40 c:/users/zongyo/documents/gcc-arm-none-eabi-10.3-2021.10/bin/../lib/gcc/arm-none-eabi/10.3.1/../../../../arm-none-eabi/lib/thumb/v7e-m+fp/hard\libc_nano.a(lib_a-sprintf.o)
                0x080046d4                siprintf
                0x080046d4                sprintf
 .text.quorem   0x08004714      0x116 c:/users/zongyo/documents/gcc-arm-none-eabi-10.3-2021.10/bin/../lib/gcc/arm-none-eabi/10.3.1/../../../../arm-none-eabi/lib/thumb/v7e-m+fp/hard\libc_nano.a(lib_a-dtoa.o)
 *fill*         0x0800482a        0x6 
 .text._dtoa_r  0x08004830      0xbdc c:/users/zongyo/documents/gcc-arm-none-eabi-10.3-2021.10/bin/../lib/gcc/arm-none-eabi/10.3.1/../../../../arm-none-eabi/lib/thumb/v7e-m+fp/hard\libc_nano.a(lib_a-dtoa.o)
                0x08004830                _dtoa_r
 .text._localeconv_r
                0x0800540c        0x8 c:/users/zongyo/documents/gcc-arm-none-eabi-10.3-2021.10/bin/../lib/gcc/arm-none-eabi/10.3.1/../../../../arm-none-eabi/lib/thumb/v7e-m+fp/hard\libc_nano.a(lib_a-localeconv.o)
                0x0800540c                _localeconv_r
 .text.malloc   0x08005414       0x10 c:/users/zongyo/documents/gcc-arm-none-eabi-10.3-2021.10/bin/../lib/gcc/arm-none-eabi/10.3.1/../../../../arm-none-eabi/lib/thumb/v7e-m+fp/hard\libc_nano.a(lib_a-malloc.o)
                0x08005414                malloc
 .text.memcpy   0x08005424       0x1c c:/users/zongyo/documents/gcc-arm-none-eabi-10.3-2021.10/bin/../lib/gcc/arm-none-eabi/10.3.1/../../../../arm-none-eabi/lib/thumb/v7e-m+fp/hard\libc_nano.a(lib_a-memcpy-stub.o)
                0x08005424                memcpy
 .text._Balloc  0x08005440       0x80 c:/users/zongyo/documents/gcc-arm-none-eabi-10.3-2021.10/bin/../lib/gcc/arm-none-eabi/10.3.1/../../../../arm-none-eabi/lib/thumb/v7e-m+fp/hard\libc_nano.a(lib_a-mprec.o)
                0x08005440                _Balloc
 .text._Bfree   0x080054c0       0x44 c:/users/zongyo/documents/gcc-arm-none-eabi-10.3-2021.10/bin/../lib/gcc/arm-none-eabi/10.3.1/../../../../arm-none-eabi/lib/thumb/v7e-m+fp/hard\libc_nano.a(lib_a-mprec.o)
                0x080054c0                _Bfree
 .text.__multadd
                0x08005504       0x8c c:/users/zongyo/documents/gcc-arm-none-eabi-10.3-2021.10/bin/../lib/gcc/arm-none-eabi/10.3.1/../../../../arm-none-eabi/lib/thumb/v7e-m+fp/hard\libc_nano.a(lib_a-mprec.o)
                0x08005504                __multadd
 .text.__hi0bits
                0x08005590       0x40 c:/users/zongyo/documents/gcc-arm-none-eabi-10.3-2021.10/bin/../lib/gcc/arm-none-eabi/10.3.1/../../../../arm-none-eabi/lib/thumb/v7e-m+fp/hard\libc_nano.a(lib_a-mprec.o)
                0x08005590                __hi0bits
 .text.__lo0bits
                0x080055d0       0x5e c:/users/zongyo/documents/gcc-arm-none-eabi-10.3-2021.10/bin/../lib/gcc/arm-none-eabi/10.3.1/../../../../arm-none-eabi/lib/thumb/v7e-m+fp/hard\libc_nano.a(lib_a-mprec.o)
                0x080055d0                __lo0bits
 *fill*         0x0800562e        0x2 
 .text.__i2b    0x08005630       0x2c c:/users/zongyo/documents/gcc-arm-none-eabi-10.3-2021.10/bin/../lib/gcc/arm-none-eabi/10.3.1/../../../../arm-none-eabi/lib/thumb/v7e-m+fp/hard\libc_nano.a(lib_a-mprec.o)
                0x08005630                __i2b
 .text.__multiply
                0x0800565c      0x154 c:/users/zongyo/documents/gcc-arm-none-eabi-10.3-2021.10/bin/../lib/gcc/arm-none-eabi/10.3.1/../../../../arm-none-eabi/lib/thumb/v7e-m+fp/hard\libc_nano.a(lib_a-mprec.o)
                0x0800565c                __multiply
 .text.__pow5mult
                0x080057b0       0xb4 c:/users/zongyo/documents/gcc-arm-none-eabi-10.3-2021.10/bin/../lib/gcc/arm-none-eabi/10.3.1/../../../../arm-none-eabi/lib/thumb/v7e-m+fp/hard\libc_nano.a(lib_a-mprec.o)
                0x080057b0                __pow5mult
 .text.__lshift
                0x08005864       0xe0 c:/users/zongyo/documents/gcc-arm-none-eabi-10.3-2021.10/bin/../lib/gcc/arm-none-eabi/10.3.1/../../../../arm-none-eabi/lib/thumb/v7e-m+fp/hard\libc_nano.a(lib_a-mprec.o)
                0x08005864                __lshift
 .text.__mcmp   0x08005944       0x38 c:/users/zongyo/documents/gcc-arm-none-eabi-10.3-2021.10/bin/../lib/gcc/arm-none-eabi/10.3.1/../../../../arm-none-eabi/lib/thumb/v7e-m+fp/hard\libc_nano.a(lib_a-mprec.o)
                0x08005944                __mcmp
 .text.__mdiff  0x0800597c      0x114 c:/users/zongyo/documents/gcc-arm-none-eabi-10.3-2021.10/bin/../lib/gcc/arm-none-eabi/10.3.1/../../../../arm-none-eabi/lib/thumb/v7e-m+fp/hard\libc_nano.a(lib_a-mprec.o)
                0x0800597c                __mdiff
 .text.__d2b    0x08005a90       0xb8 c:/users/zongyo/documents/gcc-arm-none-eabi-10.3-2021.10/bin/../lib/gcc/arm-none-eabi/10.3.1/../../../../arm-none-eabi/lib/thumb/v7e-m+fp/hard\libc_nano.a(lib_a-mprec.o)
                0x08005a90                __d2b
 .text._calloc_r
                0x08005b48       0x2c c:/users/zongyo/documents/gcc-arm-none-eabi-10.3-2021.10/bin/../lib/gcc/arm-none-eabi/10.3.1/../../../../arm-none-eabi/lib/thumb/v7e-m+fp/hard\libc_nano.a(lib_a-nano-callocr.o)
                0x08005b48                _calloc_r
 .text._free_r  0x08005b74       0x98 c:/users/zongyo/documents/gcc-arm-none-eabi-10.3-2021.10/bin/../lib/gcc/arm-none-eabi/10.3.1/../../../../arm-none-eabi/lib/thumb/v7e-m+fp/hard\libc_nano.a(lib_a-nano-freer.o)
                0x08005b74                _free_r
 .text.sbrk_aligned
                0x08005c0c       0x40 c:/users/zongyo/documents/gcc-arm-none-eabi-10.3-2021.10/bin/../lib/gcc/arm-none-eabi/10.3.1/../../../../arm-none-eabi/lib/thumb/v7e-m+fp/hard\libc_nano.a(lib_a-nano-mallocr.o)
 .text._malloc_r
                0x08005c4c       0xe8 c:/users/zongyo/documents/gcc-arm-none-eabi-10.3-2021.10/bin/../lib/gcc/arm-none-eabi/10.3.1/../../../../arm-none-eabi/lib/thumb/v7e-m+fp/hard\libc_nano.a(lib_a-nano-mallocr.o)
                0x08005c4c                _malloc_r
 .text.__ssputs_r
                0x08005d34       0xb6 c:/users/zongyo/documents/gcc-arm-none-eabi-10.3-2021.10/bin/../lib/gcc/arm-none-eabi/10.3.1/../../../../arm-none-eabi/lib/thumb/v7e-m+fp/hard\libc_nano.a(lib_a-nano-svfprintf.o)
                0x08005d34                __ssputs_r
 *fill*         0x08005dea        0x2 
 .text._svfprintf_r
                0x08005dec      0x200 c:/users/zongyo/documents/gcc-arm-none-eabi-10.3-2021.10/bin/../lib/gcc/arm-none-eabi/10.3.1/../../../../arm-none-eabi/lib/thumb/v7e-m+fp/hard\libc_nano.a(lib_a-nano-svfprintf.o)
                0x08005dec                _svfiprintf_r
                0x08005dec                _svfprintf_r
 .text._sbrk_r  0x08005fec       0x20 c:/users/zongyo/documents/gcc-arm-none-eabi-10.3-2021.10/bin/../lib/gcc/arm-none-eabi/10.3.1/../../../../arm-none-eabi/lib/thumb/v7e-m+fp/hard\libc_nano.a(lib_a-sbrkr.o)
                0x08005fec                _sbrk_r
 .text.__assert_func
                0x0800600c       0x3c c:/users/zongyo/documents/gcc-arm-none-eabi-10.3-2021.10/bin/../lib/gcc/arm-none-eabi/10.3.1/../../../../arm-none-eabi/lib/thumb/v7e-m+fp/hard\libc_nano.a(lib_a-assert.o)
                0x0800600c                __assert_func
 .text.fprintf  0x08006048       0x24 c:/users/zongyo/documents/gcc-arm-none-eabi-10.3-2021.10/bin/../lib/gcc/arm-none-eabi/10.3.1/../../../../arm-none-eabi/lib/thumb/v7e-m+fp/hard\libc_nano.a(lib_a-fprintf.o)
                0x08006048                fiprintf
                0x08006048                fprintf
 .text.__ascii_mbtowc
                0x0800606c       0x24 c:/users/zongyo/documents/gcc-arm-none-eabi-10.3-2021.10/bin/../lib/gcc/arm-none-eabi/10.3.1/../../../../arm-none-eabi/lib/thumb/v7e-m+fp/hard\libc_nano.a(lib_a-mbtowc_r.o)
                0x0800606c                __ascii_mbtowc
 .text.memmove  0x08006090       0x34 c:/users/zongyo/documents/gcc-arm-none-eabi-10.3-2021.10/bin/../lib/gcc/arm-none-eabi/10.3.1/../../../../arm-none-eabi/lib/thumb/v7e-m+fp/hard\libc_nano.a(lib_a-memmove.o)
                0x08006090                memmove
 .text.__malloc_lock
                0x080060c4        0xc c:/users/zongyo/documents/gcc-arm-none-eabi-10.3-2021.10/bin/../lib/gcc/arm-none-eabi/10.3.1/../../../../arm-none-eabi/lib/thumb/v7e-m+fp/hard\libc_nano.a(lib_a-mlock.o)
                0x080060c4                __malloc_lock
 .text.__malloc_unlock
                0x080060d0        0xc c:/users/zongyo/documents/gcc-arm-none-eabi-10.3-2021.10/bin/../lib/gcc/arm-none-eabi/10.3.1/../../../../arm-none-eabi/lib/thumb/v7e-m+fp/hard\libc_nano.a(lib_a-mlock.o)
                0x080060d0                __malloc_unlock
 .text._realloc_r
                0x080060dc       0x5e c:/users/zongyo/documents/gcc-arm-none-eabi-10.3-2021.10/bin/../lib/gcc/arm-none-eabi/10.3.1/../../../../arm-none-eabi/lib/thumb/v7e-m+fp/hard\libc_nano.a(lib_a-nano-reallocr.o)
                0x080060dc                _realloc_r
 .text.__sfputc_r
                0x0800613a       0x2e c:/users/zongyo/documents/gcc-arm-none-eabi-10.3-2021.10/bin/../lib/gcc/arm-none-eabi/10.3.1/../../../../arm-none-eabi/lib/thumb/v7e-m+fp/hard\libc_nano.a(lib_a-nano-vfprintf.o)
 .text.__sfputs_r
                0x08006168       0x24 c:/users/zongyo/documents/gcc-arm-none-eabi-10.3-2021.10/bin/../lib/gcc/arm-none-eabi/10.3.1/../../../../arm-none-eabi/lib/thumb/v7e-m+fp/hard\libc_nano.a(lib_a-nano-vfprintf.o)
                0x08006168                __sfputs_r
 .text._vfprintf_r
                0x0800618c      0x260 c:/users/zongyo/documents/gcc-arm-none-eabi-10.3-2021.10/bin/../lib/gcc/arm-none-eabi/10.3.1/../../../../arm-none-eabi/lib/thumb/v7e-m+fp/hard\libc_nano.a(lib_a-nano-vfprintf.o)
                0x0800618c                _vfprintf_r
                0x0800618c                _vfiprintf_r
 .text.__swbuf_r
                0x080063ec       0xa4 c:/users/zongyo/documents/gcc-arm-none-eabi-10.3-2021.10/bin/../lib/gcc/arm-none-eabi/10.3.1/../../../../arm-none-eabi/lib/thumb/v7e-m+fp/hard\libc_nano.a(lib_a-wbuf.o)
                0x080063ec                __swbuf_r
 .text.__ascii_wctomb
                0x08006490       0x1a c:/users/zongyo/documents/gcc-arm-none-eabi-10.3-2021.10/bin/../lib/gcc/arm-none-eabi/10.3.1/../../../../arm-none-eabi/lib/thumb/v7e-m+fp/hard\libc_nano.a(lib_a-wctomb_r.o)
                0x08006490                __ascii_wctomb
 *fill*         0x080064aa        0x2 
 .text.__swsetup_r
                0x080064ac       0xdc c:/users/zongyo/documents/gcc-arm-none-eabi-10.3-2021.10/bin/../lib/gcc/arm-none-eabi/10.3.1/../../../../arm-none-eabi/lib/thumb/v7e-m+fp/hard\libc_nano.a(lib_a-wsetup.o)
                0x080064ac                __swsetup_r
 .text.abort    0x08006588        0xe c:/users/zongyo/documents/gcc-arm-none-eabi-10.3-2021.10/bin/../lib/gcc/arm-none-eabi/10.3.1/../../../../arm-none-eabi/lib/thumb/v7e-m+fp/hard\libc_nano.a(lib_a-abort.o)
                0x08006588                abort
 *fill*         0x08006596        0x2 
 .text.__sflush_r
                0x08006598      0x10c c:/users/zongyo/documents/gcc-arm-none-eabi-10.3-2021.10/bin/../lib/gcc/arm-none-eabi/10.3.1/../../../../arm-none-eabi/lib/thumb/v7e-m+fp/hard\libc_nano.a(lib_a-fflush.o)
                0x08006598                __sflush_r
 .text._fflush_r
                0x080066a4       0x78 c:/users/zongyo/documents/gcc-arm-none-eabi-10.3-2021.10/bin/../lib/gcc/arm-none-eabi/10.3.1/../../../../arm-none-eabi/lib/thumb/v7e-m+fp/hard\libc_nano.a(lib_a-fflush.o)
                0x080066a4                _fflush_r
 .text.std      0x0800671c       0x48 c:/users/zongyo/documents/gcc-arm-none-eabi-10.3-2021.10/bin/../lib/gcc/arm-none-eabi/10.3.1/../../../../arm-none-eabi/lib/thumb/v7e-m+fp/hard\libc_nano.a(lib_a-findfp.o)
 .text._cleanup_r
                0x08006764        0xc c:/users/zongyo/documents/gcc-arm-none-eabi-10.3-2021.10/bin/../lib/gcc/arm-none-eabi/10.3.1/../../../../arm-none-eabi/lib/thumb/v7e-m+fp/hard\libc_nano.a(lib_a-findfp.o)
                0x08006764                _cleanup_r
 .text.__sfmoreglue
                0x08006770       0x2c c:/users/zongyo/documents/gcc-arm-none-eabi-10.3-2021.10/bin/../lib/gcc/arm-none-eabi/10.3.1/../../../../arm-none-eabi/lib/thumb/v7e-m+fp/hard\libc_nano.a(lib_a-findfp.o)
                0x08006770                __sfmoreglue
 .text.__sfp_lock_acquire
                0x0800679c        0xc c:/users/zongyo/documents/gcc-arm-none-eabi-10.3-2021.10/bin/../lib/gcc/arm-none-eabi/10.3.1/../../../../arm-none-eabi/lib/thumb/v7e-m+fp/hard\libc_nano.a(lib_a-findfp.o)
                0x0800679c                __sfp_lock_acquire
 .text.__sfp_lock_release
                0x080067a8        0xc c:/users/zongyo/documents/gcc-arm-none-eabi-10.3-2021.10/bin/../lib/gcc/arm-none-eabi/10.3.1/../../../../arm-none-eabi/lib/thumb/v7e-m+fp/hard\libc_nano.a(lib_a-findfp.o)
                0x080067a8                __sfp_lock_release
 .text.__sinit_lock_acquire
                0x080067b4        0xc c:/users/zongyo/documents/gcc-arm-none-eabi-10.3-2021.10/bin/../lib/gcc/arm-none-eabi/10.3.1/../../../../arm-none-eabi/lib/thumb/v7e-m+fp/hard\libc_nano.a(lib_a-findfp.o)
                0x080067b4                __sinit_lock_acquire
 .text.__sinit_lock_release
                0x080067c0        0xc c:/users/zongyo/documents/gcc-arm-none-eabi-10.3-2021.10/bin/../lib/gcc/arm-none-eabi/10.3.1/../../../../arm-none-eabi/lib/thumb/v7e-m+fp/hard\libc_nano.a(lib_a-findfp.o)
                0x080067c0                __sinit_lock_release
 .text.__sinit  0x080067cc       0x70 c:/users/zongyo/documents/gcc-arm-none-eabi-10.3-2021.10/bin/../lib/gcc/arm-none-eabi/10.3.1/../../../../arm-none-eabi/lib/thumb/v7e-m+fp/hard\libc_nano.a(lib_a-findfp.o)
                0x080067cc                __sinit
 .text.__sfp    0x0800683c       0x8c c:/users/zongyo/documents/gcc-arm-none-eabi-10.3-2021.10/bin/../lib/gcc/arm-none-eabi/10.3.1/../../../../arm-none-eabi/lib/thumb/v7e-m+fp/hard\libc_nano.a(lib_a-findfp.o)
                0x0800683c                __sfp
 .text._fwalk_reent
                0x080068c8       0x3e c:/users/zongyo/documents/gcc-arm-none-eabi-10.3-2021.10/bin/../lib/gcc/arm-none-eabi/10.3.1/../../../../arm-none-eabi/lib/thumb/v7e-m+fp/hard\libc_nano.a(lib_a-fwalk.o)
                0x080068c8                _fwalk_reent
 .text.__retarget_lock_init_recursive
                0x08006906        0x2 c:/users/zongyo/documents/gcc-arm-none-eabi-10.3-2021.10/bin/../lib/gcc/arm-none-eabi/10.3.1/../../../../arm-none-eabi/lib/thumb/v7e-m+fp/hard\libc_nano.a(lib_a-lock.o)
                0x08006906                __retarget_lock_init_recursive
 .text.__retarget_lock_acquire_recursive
                0x08006908        0x2 c:/users/zongyo/documents/gcc-arm-none-eabi-10.3-2021.10/bin/../lib/gcc/arm-none-eabi/10.3.1/../../../../arm-none-eabi/lib/thumb/v7e-m+fp/hard\libc_nano.a(lib_a-lock.o)
                0x08006908                __retarget_lock_acquire_recursive
 .text.__retarget_lock_release_recursive
                0x0800690a        0x2 c:/users/zongyo/documents/gcc-arm-none-eabi-10.3-2021.10/bin/../lib/gcc/arm-none-eabi/10.3.1/../../../../arm-none-eabi/lib/thumb/v7e-m+fp/hard\libc_nano.a(lib_a-lock.o)
                0x0800690a                __retarget_lock_release_recursive
 .text.__swhatbuf_r
                0x0800690c       0x4a c:/users/zongyo/documents/gcc-arm-none-eabi-10.3-2021.10/bin/../lib/gcc/arm-none-eabi/10.3.1/../../../../arm-none-eabi/lib/thumb/v7e-m+fp/hard\libc_nano.a(lib_a-makebuf.o)
                0x0800690c                __swhatbuf_r
 *fill*         0x08006956        0x2 
 .text.__smakebuf_r
                0x08006958       0x80 c:/users/zongyo/documents/gcc-arm-none-eabi-10.3-2021.10/bin/../lib/gcc/arm-none-eabi/10.3.1/../../../../arm-none-eabi/lib/thumb/v7e-m+fp/hard\libc_nano.a(lib_a-makebuf.o)
                0x08006958                __smakebuf_r
 .text._malloc_usable_size_r
                0x080069d8       0x10 c:/users/zongyo/documents/gcc-arm-none-eabi-10.3-2021.10/bin/../lib/gcc/arm-none-eabi/10.3.1/../../../../arm-none-eabi/lib/thumb/v7e-m+fp/hard\libc_nano.a(lib_a-nano-msizer.o)
                0x080069d8                _malloc_usable_size_r
 .text._raise_r
                0x080069e8       0x50 c:/users/zongyo/documents/gcc-arm-none-eabi-10.3-2021.10/bin/../lib/gcc/arm-none-eabi/10.3.1/../../../../arm-none-eabi/lib/thumb/v7e-m+fp/hard\libc_nano.a(lib_a-signal.o)
                0x080069e8                _raise_r
 .text.raise    0x08006a38       0x10 c:/users/zongyo/documents/gcc-arm-none-eabi-10.3-2021.10/bin/../lib/gcc/arm-none-eabi/10.3.1/../../../../arm-none-eabi/lib/thumb/v7e-m+fp/hard\libc_nano.a(lib_a-signal.o)
                0x08006a38                raise
 .text._kill_r  0x08006a48       0x24 c:/users/zongyo/documents/gcc-arm-none-eabi-10.3-2021.10/bin/../lib/gcc/arm-none-eabi/10.3.1/../../../../arm-none-eabi/lib/thumb/v7e-m+fp/hard\libc_nano.a(lib_a-signalr.o)
                0x08006a48                _kill_r
 .text._getpid_r
                0x08006a6c        0x4 c:/users/zongyo/documents/gcc-arm-none-eabi-10.3-2021.10/bin/../lib/gcc/arm-none-eabi/10.3.1/../../../../arm-none-eabi/lib/thumb/v7e-m+fp/hard\libc_nano.a(lib_a-signalr.o)
                0x08006a6c                _getpid_r
 .text.__sread  0x08006a70       0x22 c:/users/zongyo/documents/gcc-arm-none-eabi-10.3-2021.10/bin/../lib/gcc/arm-none-eabi/10.3.1/../../../../arm-none-eabi/lib/thumb/v7e-m+fp/hard\libc_nano.a(lib_a-stdio.o)
                0x08006a70                __sread
 .text.__swrite
                0x08006a92       0x38 c:/users/zongyo/documents/gcc-arm-none-eabi-10.3-2021.10/bin/../lib/gcc/arm-none-eabi/10.3.1/../../../../arm-none-eabi/lib/thumb/v7e-m+fp/hard\libc_nano.a(lib_a-stdio.o)
                0x08006a92                __swrite
 .text.__sseek  0x08006aca       0x24 c:/users/zongyo/documents/gcc-arm-none-eabi-10.3-2021.10/bin/../lib/gcc/arm-none-eabi/10.3.1/../../../../arm-none-eabi/lib/thumb/v7e-m+fp/hard\libc_nano.a(lib_a-stdio.o)
                0x08006aca                __sseek
 .text.__sclose
                0x08006aee        0x8 c:/users/zongyo/documents/gcc-arm-none-eabi-10.3-2021.10/bin/../lib/gcc/arm-none-eabi/10.3.1/../../../../arm-none-eabi/lib/thumb/v7e-m+fp/hard\libc_nano.a(lib_a-stdio.o)
                0x08006aee                __sclose
 *fill*         0x08006af6        0x2 
 .text._write_r
                0x08006af8       0x24 c:/users/zongyo/documents/gcc-arm-none-eabi-10.3-2021.10/bin/../lib/gcc/arm-none-eabi/10.3.1/../../../../arm-none-eabi/lib/thumb/v7e-m+fp/hard\libc_nano.a(lib_a-writer.o)
                0x08006af8                _write_r
 .text._close_r
                0x08006b1c       0x20 c:/users/zongyo/documents/gcc-arm-none-eabi-10.3-2021.10/bin/../lib/gcc/arm-none-eabi/10.3.1/../../../../arm-none-eabi/lib/thumb/v7e-m+fp/hard\libc_nano.a(lib_a-closer.o)
                0x08006b1c                _close_r
 .text._fstat_r
                0x08006b3c       0x24 c:/users/zongyo/documents/gcc-arm-none-eabi-10.3-2021.10/bin/../lib/gcc/arm-none-eabi/10.3.1/../../../../arm-none-eabi/lib/thumb/v7e-m+fp/hard\libc_nano.a(lib_a-fstatr.o)
                0x08006b3c                _fstat_r
 .text._isatty_r
                0x08006b60       0x20 c:/users/zongyo/documents/gcc-arm-none-eabi-10.3-2021.10/bin/../lib/gcc/arm-none-eabi/10.3.1/../../../../arm-none-eabi/lib/thumb/v7e-m+fp/hard\libc_nano.a(lib_a-isattyr.o)
                0x08006b60                _isatty_r
 .text._lseek_r
                0x08006b80       0x24 c:/users/zongyo/documents/gcc-arm-none-eabi-10.3-2021.10/bin/../lib/gcc/arm-none-eabi/10.3.1/../../../../arm-none-eabi/lib/thumb/v7e-m+fp/hard\libc_nano.a(lib_a-lseekr.o)
                0x08006b80                _lseek_r
 .text._read_r  0x08006ba4       0x24 c:/users/zongyo/documents/gcc-arm-none-eabi-10.3-2021.10/bin/../lib/gcc/arm-none-eabi/10.3.1/../../../../arm-none-eabi/lib/thumb/v7e-m+fp/hard\libc_nano.a(lib_a-readr.o)
                0x08006ba4                _read_r
 .text._close   0x08006bc8       0x10 c:/users/zongyo/documents/gcc-arm-none-eabi-10.3-2021.10/bin/../lib/gcc/arm-none-eabi/10.3.1/../../../../arm-none-eabi/lib/thumb/v7e-m+fp/hard\libnosys.a(close.o)
                0x08006bc8                _close
 .text._fstat   0x08006bd8       0x10 c:/users/zongyo/documents/gcc-arm-none-eabi-10.3-2021.10/bin/../lib/gcc/arm-none-eabi/10.3.1/../../../../arm-none-eabi/lib/thumb/v7e-m+fp/hard\libnosys.a(fstat.o)
                0x08006bd8                _fstat
 .text._getpid  0x08006be8       0x10 c:/users/zongyo/documents/gcc-arm-none-eabi-10.3-2021.10/bin/../lib/gcc/arm-none-eabi/10.3.1/../../../../arm-none-eabi/lib/thumb/v7e-m+fp/hard\libnosys.a(getpid.o)
                0x08006be8                _getpid
 .text._isatty  0x08006bf8       0x10 c:/users/zongyo/documents/gcc-arm-none-eabi-10.3-2021.10/bin/../lib/gcc/arm-none-eabi/10.3.1/../../../../arm-none-eabi/lib/thumb/v7e-m+fp/hard\libnosys.a(isatty.o)
                0x08006bf8                _isatty
 .text._kill    0x08006c08       0x10 c:/users/zongyo/documents/gcc-arm-none-eabi-10.3-2021.10/bin/../lib/gcc/arm-none-eabi/10.3.1/../../../../arm-none-eabi/lib/thumb/v7e-m+fp/hard\libnosys.a(kill.o)
                0x08006c08                _kill
 .text._lseek   0x08006c18       0x10 c:/users/zongyo/documents/gcc-arm-none-eabi-10.3-2021.10/bin/../lib/gcc/arm-none-eabi/10.3.1/../../../../arm-none-eabi/lib/thumb/v7e-m+fp/hard\libnosys.a(lseek.o)
                0x08006c18                _lseek
 .text._read    0x08006c28       0x10 c:/users/zongyo/documents/gcc-arm-none-eabi-10.3-2021.10/bin/../lib/gcc/arm-none-eabi/10.3.1/../../../../arm-none-eabi/lib/thumb/v7e-m+fp/hard\libnosys.a(read.o)
                0x08006c28                _read
 .text._sbrk    0x08006c38       0x1c c:/users/zongyo/documents/gcc-arm-none-eabi-10.3-2021.10/bin/../lib/gcc/arm-none-eabi/10.3.1/../../../../arm-none-eabi/lib/thumb/v7e-m+fp/hard\libnosys.a(sbrk.o)
                0x08006c38                _sbrk
 .text._write   0x08006c54       0x10 c:/users/zongyo/documents/gcc-arm-none-eabi-10.3-2021.10/bin/../lib/gcc/arm-none-eabi/10.3.1/../../../../arm-none-eabi/lib/thumb/v7e-m+fp/hard\libnosys.a(write.o)
                0x08006c54                _write
 .text._exit    0x08006c64        0x4 c:/users/zongyo/documents/gcc-arm-none-eabi-10.3-2021.10/bin/../lib/gcc/arm-none-eabi/10.3.1/../../../../arm-none-eabi/lib/thumb/v7e-m+fp/hard\libnosys.a(_exit.o)
                0x08006c64                _exit
 *(.glue_7)
 .glue_7        0x08006c68        0x0 linker stubs
 *(.glue_7t)
 .glue_7t       0x08006c68        0x0 linker stubs
 *(.eh_frame)
 .eh_frame      0x08006c68        0x0 c:/users/zongyo/documents/gcc-arm-none-eabi-10.3-2021.10/bin/../lib/gcc/arm-none-eabi/10.3.1/thumb/v7e-m+fp/hard/crtbegin.o
 *(.init)
 .init          0x08006c68        0x4 c:/users/zongyo/documents/gcc-arm-none-eabi-10.3-2021.10/bin/../lib/gcc/arm-none-eabi/10.3.1/thumb/v7e-m+fp/hard/crti.o
                0x08006c68                _init
 .init          0x08006c6c        0x8 c:/users/zongyo/documents/gcc-arm-none-eabi-10.3-2021.10/bin/../lib/gcc/arm-none-eabi/10.3.1/thumb/v7e-m+fp/hard/crtn.o
 *(.fini)
 .fini          0x08006c74        0x4 c:/users/zongyo/documents/gcc-arm-none-eabi-10.3-2021.10/bin/../lib/gcc/arm-none-eabi/10.3.1/thumb/v7e-m+fp/hard/crti.o
                0x08006c74                _fini
 .fini          0x08006c78        0x8 c:/users/zongyo/documents/gcc-arm-none-eabi-10.3-2021.10/bin/../lib/gcc/arm-none-eabi/10.3.1/thumb/v7e-m+fp/hard/crtn.o
                0x08006c80                . = ALIGN (0x4)
                0x08006c80                _etext = .

.vfp11_veneer   0x08006c80        0x0
 .vfp11_veneer  0x08006c80        0x0 linker stubs

.v4_bx          0x08006c80        0x0
 .v4_bx         0x08006c80        0x0 linker stubs

.iplt           0x08006c80        0x0
 .iplt          0x08006c80        0x0 c:/users/zongyo/documents/gcc-arm-none-eabi-10.3-2021.10/bin/../lib/gcc/arm-none-eabi/10.3.1/thumb/v7e-m+fp/hard/crtbegin.o

.rodata         0x08006c80      0x45c
                0x08006c80                . = ALIGN (0x4)
 *(.rodata)
 *(.rodata*)
 .rodata.main.str1.4
                0x08006c80       0x17 build/main.o
 *fill*         0x08006c97        0x1 
 .rodata.flagBitshiftOffset.0
                0x08006c98        0x8 build/stm32f4xx_hal_dma.o
 .rodata.AHBPrescTable
                0x08006ca0       0x10 build/system_stm32f4xx.o
                0x08006ca0                AHBPrescTable
 .rodata.APBPrescTable
                0x08006cb0        0x8 build/system_stm32f4xx.o
                0x08006cb0                APBPrescTable
 .rodata._global_impure_ptr
                0x08006cb8        0x4 c:/users/zongyo/documents/gcc-arm-none-eabi-10.3-2021.10/bin/../lib/gcc/arm-none-eabi/10.3.1/../../../../arm-none-eabi/lib/thumb/v7e-m+fp/hard\libc_nano.a(lib_a-impure.o)
                0x08006cb8                _global_impure_ptr
 .rodata._printf_float.str1.1
                0x08006cbc       0x12 c:/users/zongyo/documents/gcc-arm-none-eabi-10.3-2021.10/bin/../lib/gcc/arm-none-eabi/10.3.1/../../../../arm-none-eabi/lib/thumb/v7e-m+fp/hard\libc_nano.a(lib_a-nano-vfprintf_float.o)
 .rodata._printf_i.str1.1
                0x08006cce       0x22 c:/users/zongyo/documents/gcc-arm-none-eabi-10.3-2021.10/bin/../lib/gcc/arm-none-eabi/10.3.1/../../../../arm-none-eabi/lib/thumb/v7e-m+fp/hard\libc_nano.a(lib_a-nano-vfprintf_i.o)
 .rodata._dtoa_r.str1.1
                0x08006cf0       0xb3 c:/users/zongyo/documents/gcc-arm-none-eabi-10.3-2021.10/bin/../lib/gcc/arm-none-eabi/10.3.1/../../../../arm-none-eabi/lib/thumb/v7e-m+fp/hard\libc_nano.a(lib_a-dtoa.o)
                                 0xb5 (size before relaxing)
 .rodata._Balloc.str1.1
                0x08006da3       0x7f c:/users/zongyo/documents/gcc-arm-none-eabi-10.3-2021.10/bin/../lib/gcc/arm-none-eabi/10.3.1/../../../../arm-none-eabi/lib/thumb/v7e-m+fp/hard\libc_nano.a(lib_a-mprec.o)
                                 0x96 (size before relaxing)
 .rodata.__multadd.str1.1
                0x08006e22       0x11 c:/users/zongyo/documents/gcc-arm-none-eabi-10.3-2021.10/bin/../lib/gcc/arm-none-eabi/10.3.1/../../../../arm-none-eabi/lib/thumb/v7e-m+fp/hard\libc_nano.a(lib_a-mprec.o)
 *fill*         0x08006e22        0x6 
 .rodata.__mprec_bigtens
                0x08006e28       0x28 c:/users/zongyo/documents/gcc-arm-none-eabi-10.3-2021.10/bin/../lib/gcc/arm-none-eabi/10.3.1/../../../../arm-none-eabi/lib/thumb/v7e-m+fp/hard\libc_nano.a(lib_a-mprec.o)
                0x08006e28                __mprec_bigtens
 .rodata.__mprec_tens
                0x08006e50       0xc8 c:/users/zongyo/documents/gcc-arm-none-eabi-10.3-2021.10/bin/../lib/gcc/arm-none-eabi/10.3.1/../../../../arm-none-eabi/lib/thumb/v7e-m+fp/hard\libc_nano.a(lib_a-mprec.o)
                0x08006e50                __mprec_tens
 .rodata.p05.0  0x08006f18        0xc c:/users/zongyo/documents/gcc-arm-none-eabi-10.3-2021.10/bin/../lib/gcc/arm-none-eabi/10.3.1/../../../../arm-none-eabi/lib/thumb/v7e-m+fp/hard\libc_nano.a(lib_a-mprec.o)
 .rodata._svfprintf_r.str1.1
                0x08006f24       0x11 c:/users/zongyo/documents/gcc-arm-none-eabi-10.3-2021.10/bin/../lib/gcc/arm-none-eabi/10.3.1/../../../../arm-none-eabi/lib/thumb/v7e-m+fp/hard\libc_nano.a(lib_a-nano-svfprintf.o)
 .rodata.__assert_func.str1.1
                0x08006f35       0x3c c:/users/zongyo/documents/gcc-arm-none-eabi-10.3-2021.10/bin/../lib/gcc/arm-none-eabi/10.3.1/../../../../arm-none-eabi/lib/thumb/v7e-m+fp/hard\libc_nano.a(lib_a-assert.o)
                                 0x3d (size before relaxing)
 .rodata._setlocale_r.str1.1
                0x08006f71        0x8 c:/users/zongyo/documents/gcc-arm-none-eabi-10.3-2021.10/bin/../lib/gcc/arm-none-eabi/10.3.1/../../../../arm-none-eabi/lib/thumb/v7e-m+fp/hard\libc_nano.a(lib_a-locale.o)
                                  0x9 (size before relaxing)
 .rodata.str1.1
                0x08006f79        0x2 c:/users/zongyo/documents/gcc-arm-none-eabi-10.3-2021.10/bin/../lib/gcc/arm-none-eabi/10.3.1/../../../../arm-none-eabi/lib/thumb/v7e-m+fp/hard\libc_nano.a(lib_a-locale.o)
 .rodata._vfprintf_r.str1.1
                0x08006f7b       0x11 c:/users/zongyo/documents/gcc-arm-none-eabi-10.3-2021.10/bin/../lib/gcc/arm-none-eabi/10.3.1/../../../../arm-none-eabi/lib/thumb/v7e-m+fp/hard\libc_nano.a(lib_a-nano-vfprintf.o)
 .rodata._ctype_
                0x08006f7b      0x101 c:/users/zongyo/documents/gcc-arm-none-eabi-10.3-2021.10/bin/../lib/gcc/arm-none-eabi/10.3.1/../../../../arm-none-eabi/lib/thumb/v7e-m+fp/hard\libc_nano.a(lib_a-ctype_.o)
                0x08006f7b                _ctype_
 .rodata.__sf_fake_stderr
                0x0800707c       0x20 c:/users/zongyo/documents/gcc-arm-none-eabi-10.3-2021.10/bin/../lib/gcc/arm-none-eabi/10.3.1/../../../../arm-none-eabi/lib/thumb/v7e-m+fp/hard\libc_nano.a(lib_a-findfp.o)
                0x0800707c                __sf_fake_stderr
 .rodata.__sf_fake_stdin
                0x0800709c       0x20 c:/users/zongyo/documents/gcc-arm-none-eabi-10.3-2021.10/bin/../lib/gcc/arm-none-eabi/10.3.1/../../../../arm-none-eabi/lib/thumb/v7e-m+fp/hard\libc_nano.a(lib_a-findfp.o)
                0x0800709c                __sf_fake_stdin
 .rodata.__sf_fake_stdout
                0x080070bc       0x20 c:/users/zongyo/documents/gcc-arm-none-eabi-10.3-2021.10/bin/../lib/gcc/arm-none-eabi/10.3.1/../../../../arm-none-eabi/lib/thumb/v7e-m+fp/hard\libc_nano.a(lib_a-findfp.o)
                0x080070bc                __sf_fake_stdout
                0x080070dc                . = ALIGN (0x4)

.ARM.extab
 *(.ARM.extab* .gnu.linkonce.armextab.*)

.ARM            0x080070dc        0x8
                0x080070dc                __exidx_start = .
 *(.ARM.exidx*)
 .ARM.exidx     0x080070dc        0x8 c:/users/zongyo/documents/gcc-arm-none-eabi-10.3-2021.10/bin/../lib/gcc/arm-none-eabi/10.3.1/thumb/v7e-m+fp/hard\libgcc.a(_udivmoddi4.o)
                0x080070e4                __exidx_end = .

.rel.dyn        0x080070e4        0x0
 .rel.iplt      0x080070e4        0x0 c:/users/zongyo/documents/gcc-arm-none-eabi-10.3-2021.10/bin/../lib/gcc/arm-none-eabi/10.3.1/thumb/v7e-m+fp/hard/crtbegin.o

.preinit_array  0x080070e4        0x0
                0x080070e4                PROVIDE (__preinit_array_start = .)
 *(.preinit_array*)
                0x080070e4                PROVIDE (__preinit_array_end = .)

.init_array     0x080070e4        0x4
                0x080070e4                PROVIDE (__init_array_start = .)
 *(SORT_BY_NAME(.init_array.*))
 *(.init_array*)
 .init_array    0x080070e4        0x4 c:/users/zongyo/documents/gcc-arm-none-eabi-10.3-2021.10/bin/../lib/gcc/arm-none-eabi/10.3.1/thumb/v7e-m+fp/hard/crtbegin.o
                0x080070e8                PROVIDE (__init_array_end = .)

.fini_array     0x080070e8        0x4
                [!provide]                PROVIDE (__fini_array_start = .)
 *(SORT_BY_NAME(.fini_array.*))
 *(.fini_array*)
 .fini_array    0x080070e8        0x4 c:/users/zongyo/documents/gcc-arm-none-eabi-10.3-2021.10/bin/../lib/gcc/arm-none-eabi/10.3.1/thumb/v7e-m+fp/hard/crtbegin.o
                [!provide]                PROVIDE (__fini_array_end = .)
                0x080070ec                _sidata = LOADADDR (.data)

.data           0x20000000      0x1dc load address 0x080070ec
                0x20000000                . = ALIGN (0x4)
                0x20000000                _sdata = .
 *(.data)
 *(.data*)
 .data.uwTickFreq
                0x20000000        0x1 build/stm32f4xx_hal.o
                0x20000000                uwTickFreq
 *fill*         0x20000001        0x3 
 .data.uwTickPrio
                0x20000004        0x4 build/stm32f4xx_hal.o
                0x20000004                uwTickPrio
 .data.SystemCoreClock
                0x20000008        0x4 build/system_stm32f4xx.o
                0x20000008                SystemCoreClock
 .data._impure_ptr
                0x2000000c        0x4 c:/users/zongyo/documents/gcc-arm-none-eabi-10.3-2021.10/bin/../lib/gcc/arm-none-eabi/10.3.1/../../../../arm-none-eabi/lib/thumb/v7e-m+fp/hard\libc_nano.a(lib_a-impure.o)
                0x2000000c                _impure_ptr
 .data.impure_data
                0x20000010       0x60 c:/users/zongyo/documents/gcc-arm-none-eabi-10.3-2021.10/bin/../lib/gcc/arm-none-eabi/10.3.1/../../../../arm-none-eabi/lib/thumb/v7e-m+fp/hard\libc_nano.a(lib_a-impure.o)
 .data.__global_locale
                0x20000070      0x16c c:/users/zongyo/documents/gcc-arm-none-eabi-10.3-2021.10/bin/../lib/gcc/arm-none-eabi/10.3.1/../../../../arm-none-eabi/lib/thumb/v7e-m+fp/hard\libc_nano.a(lib_a-locale.o)
                0x20000070                __global_locale
                0x200001dc                . = ALIGN (0x4)
                0x200001dc                _edata = .

.igot.plt       0x200001dc        0x0 load address 0x080072c8
 .igot.plt      0x200001dc        0x0 c:/users/zongyo/documents/gcc-arm-none-eabi-10.3-2021.10/bin/../lib/gcc/arm-none-eabi/10.3.1/thumb/v7e-m+fp/hard/crtbegin.o
                0x200001dc                . = ALIGN (0x4)

.bss            0x200001dc      0x310 load address 0x080072c8
                0x200001dc                _sbss = .
                0x200001dc                __bss_start__ = _sbss
 *(.bss)
 .bss           0x200001dc       0x1c c:/users/zongyo/documents/gcc-arm-none-eabi-10.3-2021.10/bin/../lib/gcc/arm-none-eabi/10.3.1/thumb/v7e-m+fp/hard/crtbegin.o
 *(.bss*)
 .bss.hspi2     0x200001f8       0x58 build/spi.o
                0x200001f8                hspi2
 .bss.huart2    0x20000250       0x44 build/usart.o
                0x20000250                huart2
 .bss.uwTick    0x20000294        0x4 build/stm32f4xx_hal.o
                0x20000294                uwTick
 .bss.hadc1     0x20000298       0x48 build/adc.o
                0x20000298                hadc1
 .bss.hadc2     0x200002e0       0x48 build/adc.o
                0x200002e0                hadc2
 .bss.hadc3     0x20000328       0x48 build/adc.o
                0x20000328                hadc3
 .bss.hdma_adc1
                0x20000370       0x60 build/adc.o
                0x20000370                hdma_adc1
 .bss.hdma_adc2
                0x200003d0       0x60 build/adc.o
                0x200003d0                hdma_adc2
 .bss.hdma_adc3
                0x20000430       0x60 build/adc.o
                0x20000430                hdma_adc3
 .bss.htim3     0x20000490       0x48 build/tim.o
                0x20000490                htim3
 .bss.__malloc_free_list
                0x200004d8        0x4 c:/users/zongyo/documents/gcc-arm-none-eabi-10.3-2021.10/bin/../lib/gcc/arm-none-eabi/10.3.1/../../../../arm-none-eabi/lib/thumb/v7e-m+fp/hard\libc_nano.a(lib_a-nano-mallocr.o)
                0x200004d8                __malloc_free_list
 .bss.__malloc_sbrk_start
                0x200004dc        0x4 c:/users/zongyo/documents/gcc-arm-none-eabi-10.3-2021.10/bin/../lib/gcc/arm-none-eabi/10.3.1/../../../../arm-none-eabi/lib/thumb/v7e-m+fp/hard\libc_nano.a(lib_a-nano-mallocr.o)
                0x200004dc                __malloc_sbrk_start
 .bss.errno     0x200004e0        0x4 c:/users/zongyo/documents/gcc-arm-none-eabi-10.3-2021.10/bin/../lib/gcc/arm-none-eabi/10.3.1/../../../../arm-none-eabi/lib/thumb/v7e-m+fp/hard\libc_nano.a(lib_a-reent.o)
                0x200004e0                errno
 .bss.__lock___malloc_recursive_mutex
                0x200004e4        0x1 c:/users/zongyo/documents/gcc-arm-none-eabi-10.3-2021.10/bin/../lib/gcc/arm-none-eabi/10.3.1/../../../../arm-none-eabi/lib/thumb/v7e-m+fp/hard\libc_nano.a(lib_a-lock.o)
                0x200004e4                __lock___malloc_recursive_mutex
 .bss.__lock___sfp_recursive_mutex
                0x200004e5        0x1 c:/users/zongyo/documents/gcc-arm-none-eabi-10.3-2021.10/bin/../lib/gcc/arm-none-eabi/10.3.1/../../../../arm-none-eabi/lib/thumb/v7e-m+fp/hard\libc_nano.a(lib_a-lock.o)
                0x200004e5                __lock___sfp_recursive_mutex
 .bss.__lock___sinit_recursive_mutex
                0x200004e6        0x1 c:/users/zongyo/documents/gcc-arm-none-eabi-10.3-2021.10/bin/../lib/gcc/arm-none-eabi/10.3.1/../../../../arm-none-eabi/lib/thumb/v7e-m+fp/hard\libc_nano.a(lib_a-lock.o)
                0x200004e6                __lock___sinit_recursive_mutex
 *fill*         0x200004e7        0x1 
 .bss.heap_end.0
                0x200004e8        0x4 c:/users/zongyo/documents/gcc-arm-none-eabi-10.3-2021.10/bin/../lib/gcc/arm-none-eabi/10.3.1/../../../../arm-none-eabi/lib/thumb/v7e-m+fp/hard\libnosys.a(sbrk.o)
 *(COMMON)
                0x200004ec                . = ALIGN (0x4)
                0x200004ec                _ebss = .
                0x200004ec                __bss_end__ = _ebss

._user_heap_stack
                0x200004ec      0x604 load address 0x080072c8
                0x200004f0                . = ALIGN (0x8)
 *fill*         0x200004ec        0x4 
                0x200004f0                PROVIDE (end = .)
                [!provide]                PROVIDE (_end = .)
                0x200006f0                . = (. + _Min_Heap_Size)
 *fill*         0x200004f0      0x200 
                0x20000af0                . = (. + _Min_Stack_Size)
 *fill*         0x200006f0      0x400 
                0x20000af0                . = ALIGN (0x8)

/DISCARD/
 libc.a(*)
 libm.a(*)
 libgcc.a(*)

.ARM.attributes
                0x00000000       0x30
 *(.ARM.attributes)
 .ARM.attributes
                0x00000000       0x1e c:/users/zongyo/documents/gcc-arm-none-eabi-10.3-2021.10/bin/../lib/gcc/arm-none-eabi/10.3.1/thumb/v7e-m+fp/hard/crti.o
 .ARM.attributes
                0x0000001e       0x34 c:/users/zongyo/documents/gcc-arm-none-eabi-10.3-2021.10/bin/../lib/gcc/arm-none-eabi/10.3.1/thumb/v7e-m+fp/hard/crtbegin.o
 .ARM.attributes
                0x00000052       0x34 build/fir.o
 .ARM.attributes
                0x00000086       0x34 build/main.o
 .ARM.attributes
                0x000000ba       0x34 build/gpio.o
 .ARM.attributes
                0x000000ee       0x34 build/spi.o
 .ARM.attributes
                0x00000122       0x34 build/usart.o
 .ARM.attributes
                0x00000156       0x34 build/stm32f4xx_it.o
 .ARM.attributes
                0x0000018a       0x34 build/stm32f4xx_hal_msp.o
 .ARM.attributes
                0x000001be       0x34 build/stm32f4xx_hal_spi.o
 .ARM.attributes
                0x000001f2       0x34 build/stm32f4xx_hal_rcc.o
 .ARM.attributes
                0x00000226       0x34 build/stm32f4xx_hal_rcc_ex.o
 .ARM.attributes
                0x0000025a       0x34 build/stm32f4xx_hal_gpio.o
 .ARM.attributes
                0x0000028e       0x34 build/stm32f4xx_hal_dma.o
 .ARM.attributes
                0x000002c2       0x34 build/stm32f4xx_hal_cortex.o
 .ARM.attributes
                0x000002f6       0x34 build/stm32f4xx_hal.o
 .ARM.attributes
                0x0000032a       0x34 build/stm32f4xx_hal_tim.o
 .ARM.attributes
                0x0000035e       0x34 build/stm32f4xx_hal_tim_ex.o
 .ARM.attributes
                0x00000392       0x34 build/stm32f4xx_hal_uart.o
 .ARM.attributes
                0x000003c6       0x34 build/system_stm32f4xx.o
 .ARM.attributes
                0x000003fa       0x34 build/adc.o
 .ARM.attributes
                0x0000042e       0x34 build/tim.o
 .ARM.attributes
                0x00000462       0x34 build/stm32f4xx_hal_adc.o
 .ARM.attributes
                0x00000496       0x34 build/stm32f4xx_hal_adc_ex.o
 .ARM.attributes
                0x000004ca       0x34 build/dma.o
 .ARM.attributes
                0x000004fe       0x21 build/startup_stm32f446xx.o
 .ARM.attributes
                0x0000051f       0x34 c:/users/zongyo/documents/gcc-arm-none-eabi-10.3-2021.10/bin/../lib/gcc/arm-none-eabi/10.3.1/../../../../arm-none-eabi/lib/thumb/v7e-m+fp/hard\libc_nano.a(lib_a-impure.o)
 .ARM.attributes
                0x00000553       0x34 c:/users/zongyo/documents/gcc-arm-none-eabi-10.3-2021.10/bin/../lib/gcc/arm-none-eabi/10.3.1/../../../../arm-none-eabi/lib/thumb/v7e-m+fp/hard\libc_nano.a(lib_a-init.o)
 .ARM.attributes
                0x00000587       0x34 c:/users/zongyo/documents/gcc-arm-none-eabi-10.3-2021.10/bin/../lib/gcc/arm-none-eabi/10.3.1/../../../../arm-none-eabi/lib/thumb/v7e-m+fp/hard\libc_nano.a(lib_a-memset.o)
 .ARM.attributes
                0x000005bb       0x34 c:/users/zongyo/documents/gcc-arm-none-eabi-10.3-2021.10/bin/../lib/gcc/arm-none-eabi/10.3.1/../../../../arm-none-eabi/lib/thumb/v7e-m+fp/hard\libc_nano.a(lib_a-nano-vfprintf_float.o)
 .ARM.attributes
                0x000005ef       0x34 c:/users/zongyo/documents/gcc-arm-none-eabi-10.3-2021.10/bin/../lib/gcc/arm-none-eabi/10.3.1/../../../../arm-none-eabi/lib/thumb/v7e-m+fp/hard\libc_nano.a(lib_a-nano-vfprintf_i.o)
 .ARM.attributes
                0x00000623       0x34 c:/users/zongyo/documents/gcc-arm-none-eabi-10.3-2021.10/bin/../lib/gcc/arm-none-eabi/10.3.1/../../../../arm-none-eabi/lib/thumb/v7e-m+fp/hard\libc_nano.a(lib_a-sprintf.o)
 .ARM.attributes
                0x00000657       0x17 c:/users/zongyo/documents/gcc-arm-none-eabi-10.3-2021.10/bin/../lib/gcc/arm-none-eabi/10.3.1/../../../../arm-none-eabi/lib/thumb/v7e-m+fp/hard\libc_nano.a(lib_a-strlen.o)
 .ARM.attributes
                0x0000066e       0x34 c:/users/zongyo/documents/gcc-arm-none-eabi-10.3-2021.10/bin/../lib/gcc/arm-none-eabi/10.3.1/../../../../arm-none-eabi/lib/thumb/v7e-m+fp/hard\libc_nano.a(lib_a-dtoa.o)
 .ARM.attributes
                0x000006a2       0x34 c:/users/zongyo/documents/gcc-arm-none-eabi-10.3-2021.10/bin/../lib/gcc/arm-none-eabi/10.3.1/../../../../arm-none-eabi/lib/thumb/v7e-m+fp/hard\libc_nano.a(lib_a-localeconv.o)
 .ARM.attributes
                0x000006d6       0x34 c:/users/zongyo/documents/gcc-arm-none-eabi-10.3-2021.10/bin/../lib/gcc/arm-none-eabi/10.3.1/../../../../arm-none-eabi/lib/thumb/v7e-m+fp/hard\libc_nano.a(lib_a-malloc.o)
 .ARM.attributes
                0x0000070a       0x1c c:/users/zongyo/documents/gcc-arm-none-eabi-10.3-2021.10/bin/../lib/gcc/arm-none-eabi/10.3.1/../../../../arm-none-eabi/lib/thumb/v7e-m+fp/hard\libc_nano.a(lib_a-memchr.o)
 .ARM.attributes
                0x00000726       0x34 c:/users/zongyo/documents/gcc-arm-none-eabi-10.3-2021.10/bin/../lib/gcc/arm-none-eabi/10.3.1/../../../../arm-none-eabi/lib/thumb/v7e-m+fp/hard\libc_nano.a(lib_a-memcpy-stub.o)
 .ARM.attributes
                0x0000075a       0x34 c:/users/zongyo/documents/gcc-arm-none-eabi-10.3-2021.10/bin/../lib/gcc/arm-none-eabi/10.3.1/../../../../arm-none-eabi/lib/thumb/v7e-m+fp/hard\libc_nano.a(lib_a-mprec.o)
 .ARM.attributes
                0x0000078e       0x34 c:/users/zongyo/documents/gcc-arm-none-eabi-10.3-2021.10/bin/../lib/gcc/arm-none-eabi/10.3.1/../../../../arm-none-eabi/lib/thumb/v7e-m+fp/hard\libc_nano.a(lib_a-nano-callocr.o)
 .ARM.attributes
                0x000007c2       0x34 c:/users/zongyo/documents/gcc-arm-none-eabi-10.3-2021.10/bin/../lib/gcc/arm-none-eabi/10.3.1/../../../../arm-none-eabi/lib/thumb/v7e-m+fp/hard\libc_nano.a(lib_a-nano-freer.o)
 .ARM.attributes
                0x000007f6       0x34 c:/users/zongyo/documents/gcc-arm-none-eabi-10.3-2021.10/bin/../lib/gcc/arm-none-eabi/10.3.1/../../../../arm-none-eabi/lib/thumb/v7e-m+fp/hard\libc_nano.a(lib_a-nano-mallocr.o)
 .ARM.attributes
                0x0000082a       0x34 c:/users/zongyo/documents/gcc-arm-none-eabi-10.3-2021.10/bin/../lib/gcc/arm-none-eabi/10.3.1/../../../../arm-none-eabi/lib/thumb/v7e-m+fp/hard\libc_nano.a(lib_a-nano-svfprintf.o)
 .ARM.attributes
                0x0000085e       0x34 c:/users/zongyo/documents/gcc-arm-none-eabi-10.3-2021.10/bin/../lib/gcc/arm-none-eabi/10.3.1/../../../../arm-none-eabi/lib/thumb/v7e-m+fp/hard\libc_nano.a(lib_a-sbrkr.o)
 .ARM.attributes
                0x00000892       0x34 c:/users/zongyo/documents/gcc-arm-none-eabi-10.3-2021.10/bin/../lib/gcc/arm-none-eabi/10.3.1/../../../../arm-none-eabi/lib/thumb/v7e-m+fp/hard\libc_nano.a(lib_a-assert.o)
 .ARM.attributes
                0x000008c6       0x34 c:/users/zongyo/documents/gcc-arm-none-eabi-10.3-2021.10/bin/../lib/gcc/arm-none-eabi/10.3.1/../../../../arm-none-eabi/lib/thumb/v7e-m+fp/hard\libc_nano.a(lib_a-fprintf.o)
 .ARM.attributes
                0x000008fa       0x34 c:/users/zongyo/documents/gcc-arm-none-eabi-10.3-2021.10/bin/../lib/gcc/arm-none-eabi/10.3.1/../../../../arm-none-eabi/lib/thumb/v7e-m+fp/hard\libc_nano.a(lib_a-locale.o)
 .ARM.attributes
                0x0000092e       0x34 c:/users/zongyo/documents/gcc-arm-none-eabi-10.3-2021.10/bin/../lib/gcc/arm-none-eabi/10.3.1/../../../../arm-none-eabi/lib/thumb/v7e-m+fp/hard\libc_nano.a(lib_a-mbtowc_r.o)
 .ARM.attributes
                0x00000962       0x34 c:/users/zongyo/documents/gcc-arm-none-eabi-10.3-2021.10/bin/../lib/gcc/arm-none-eabi/10.3.1/../../../../arm-none-eabi/lib/thumb/v7e-m+fp/hard\libc_nano.a(lib_a-memmove.o)
 .ARM.attributes
                0x00000996       0x34 c:/users/zongyo/documents/gcc-arm-none-eabi-10.3-2021.10/bin/../lib/gcc/arm-none-eabi/10.3.1/../../../../arm-none-eabi/lib/thumb/v7e-m+fp/hard\libc_nano.a(lib_a-mlock.o)
 .ARM.attributes
                0x000009ca       0x34 c:/users/zongyo/documents/gcc-arm-none-eabi-10.3-2021.10/bin/../lib/gcc/arm-none-eabi/10.3.1/../../../../arm-none-eabi/lib/thumb/v7e-m+fp/hard\libc_nano.a(lib_a-nano-reallocr.o)
 .ARM.attributes
                0x000009fe       0x34 c:/users/zongyo/documents/gcc-arm-none-eabi-10.3-2021.10/bin/../lib/gcc/arm-none-eabi/10.3.1/../../../../arm-none-eabi/lib/thumb/v7e-m+fp/hard\libc_nano.a(lib_a-nano-vfprintf.o)
 .ARM.attributes
                0x00000a32       0x34 c:/users/zongyo/documents/gcc-arm-none-eabi-10.3-2021.10/bin/../lib/gcc/arm-none-eabi/10.3.1/../../../../arm-none-eabi/lib/thumb/v7e-m+fp/hard\libc_nano.a(lib_a-reent.o)
 .ARM.attributes
                0x00000a66       0x34 c:/users/zongyo/documents/gcc-arm-none-eabi-10.3-2021.10/bin/../lib/gcc/arm-none-eabi/10.3.1/../../../../arm-none-eabi/lib/thumb/v7e-m+fp/hard\libc_nano.a(lib_a-wbuf.o)
 .ARM.attributes
                0x00000a9a       0x34 c:/users/zongyo/documents/gcc-arm-none-eabi-10.3-2021.10/bin/../lib/gcc/arm-none-eabi/10.3.1/../../../../arm-none-eabi/lib/thumb/v7e-m+fp/hard\libc_nano.a(lib_a-wctomb_r.o)
 .ARM.attributes
                0x00000ace       0x34 c:/users/zongyo/documents/gcc-arm-none-eabi-10.3-2021.10/bin/../lib/gcc/arm-none-eabi/10.3.1/../../../../arm-none-eabi/lib/thumb/v7e-m+fp/hard\libc_nano.a(lib_a-wsetup.o)
 .ARM.attributes
                0x00000b02       0x34 c:/users/zongyo/documents/gcc-arm-none-eabi-10.3-2021.10/bin/../lib/gcc/arm-none-eabi/10.3.1/../../../../arm-none-eabi/lib/thumb/v7e-m+fp/hard\libc_nano.a(lib_a-abort.o)
 .ARM.attributes
                0x00000b36       0x34 c:/users/zongyo/documents/gcc-arm-none-eabi-10.3-2021.10/bin/../lib/gcc/arm-none-eabi/10.3.1/../../../../arm-none-eabi/lib/thumb/v7e-m+fp/hard\libc_nano.a(lib_a-ctype_.o)
 .ARM.attributes
                0x00000b6a       0x34 c:/users/zongyo/documents/gcc-arm-none-eabi-10.3-2021.10/bin/../lib/gcc/arm-none-eabi/10.3.1/../../../../arm-none-eabi/lib/thumb/v7e-m+fp/hard\libc_nano.a(lib_a-fflush.o)
 .ARM.attributes
                0x00000b9e       0x34 c:/users/zongyo/documents/gcc-arm-none-eabi-10.3-2021.10/bin/../lib/gcc/arm-none-eabi/10.3.1/../../../../arm-none-eabi/lib/thumb/v7e-m+fp/hard\libc_nano.a(lib_a-findfp.o)
 .ARM.attributes
                0x00000bd2       0x34 c:/users/zongyo/documents/gcc-arm-none-eabi-10.3-2021.10/bin/../lib/gcc/arm-none-eabi/10.3.1/../../../../arm-none-eabi/lib/thumb/v7e-m+fp/hard\libc_nano.a(lib_a-fwalk.o)
 .ARM.attributes
                0x00000c06       0x34 c:/users/zongyo/documents/gcc-arm-none-eabi-10.3-2021.10/bin/../lib/gcc/arm-none-eabi/10.3.1/../../../../arm-none-eabi/lib/thumb/v7e-m+fp/hard\libc_nano.a(lib_a-lock.o)
 .ARM.attributes
                0x00000c3a       0x34 c:/users/zongyo/documents/gcc-arm-none-eabi-10.3-2021.10/bin/../lib/gcc/arm-none-eabi/10.3.1/../../../../arm-none-eabi/lib/thumb/v7e-m+fp/hard\libc_nano.a(lib_a-makebuf.o)
 .ARM.attributes
                0x00000c6e       0x34 c:/users/zongyo/documents/gcc-arm-none-eabi-10.3-2021.10/bin/../lib/gcc/arm-none-eabi/10.3.1/../../../../arm-none-eabi/lib/thumb/v7e-m+fp/hard\libc_nano.a(lib_a-nano-msizer.o)
 .ARM.attributes
                0x00000ca2       0x34 c:/users/zongyo/documents/gcc-arm-none-eabi-10.3-2021.10/bin/../lib/gcc/arm-none-eabi/10.3.1/../../../../arm-none-eabi/lib/thumb/v7e-m+fp/hard\libc_nano.a(lib_a-signal.o)
 .ARM.attributes
                0x00000cd6       0x34 c:/users/zongyo/documents/gcc-arm-none-eabi-10.3-2021.10/bin/../lib/gcc/arm-none-eabi/10.3.1/../../../../arm-none-eabi/lib/thumb/v7e-m+fp/hard\libc_nano.a(lib_a-signalr.o)
 .ARM.attributes
                0x00000d0a       0x34 c:/users/zongyo/documents/gcc-arm-none-eabi-10.3-2021.10/bin/../lib/gcc/arm-none-eabi/10.3.1/../../../../arm-none-eabi/lib/thumb/v7e-m+fp/hard\libc_nano.a(lib_a-stdio.o)
 .ARM.attributes
                0x00000d3e       0x34 c:/users/zongyo/documents/gcc-arm-none-eabi-10.3-2021.10/bin/../lib/gcc/arm-none-eabi/10.3.1/../../../../arm-none-eabi/lib/thumb/v7e-m+fp/hard\libc_nano.a(lib_a-writer.o)
 .ARM.attributes
                0x00000d72       0x34 c:/users/zongyo/documents/gcc-arm-none-eabi-10.3-2021.10/bin/../lib/gcc/arm-none-eabi/10.3.1/../../../../arm-none-eabi/lib/thumb/v7e-m+fp/hard\libc_nano.a(lib_a-closer.o)
 .ARM.attributes
                0x00000da6       0x34 c:/users/zongyo/documents/gcc-arm-none-eabi-10.3-2021.10/bin/../lib/gcc/arm-none-eabi/10.3.1/../../../../arm-none-eabi/lib/thumb/v7e-m+fp/hard\libc_nano.a(lib_a-fstatr.o)
 .ARM.attributes
                0x00000dda       0x34 c:/users/zongyo/documents/gcc-arm-none-eabi-10.3-2021.10/bin/../lib/gcc/arm-none-eabi/10.3.1/../../../../arm-none-eabi/lib/thumb/v7e-m+fp/hard\libc_nano.a(lib_a-isattyr.o)
 .ARM.attributes
                0x00000e0e       0x34 c:/users/zongyo/documents/gcc-arm-none-eabi-10.3-2021.10/bin/../lib/gcc/arm-none-eabi/10.3.1/../../../../arm-none-eabi/lib/thumb/v7e-m+fp/hard\libc_nano.a(lib_a-lseekr.o)
 .ARM.attributes
                0x00000e42       0x34 c:/users/zongyo/documents/gcc-arm-none-eabi-10.3-2021.10/bin/../lib/gcc/arm-none-eabi/10.3.1/../../../../arm-none-eabi/lib/thumb/v7e-m+fp/hard\libc_nano.a(lib_a-readr.o)
 .ARM.attributes
                0x00000e76       0x34 c:/users/zongyo/documents/gcc-arm-none-eabi-10.3-2021.10/bin/../lib/gcc/arm-none-eabi/10.3.1/../../../../arm-none-eabi/lib/thumb/v7e-m+fp/hard\libnosys.a(close.o)
 .ARM.attributes
                0x00000eaa       0x34 c:/users/zongyo/documents/gcc-arm-none-eabi-10.3-2021.10/bin/../lib/gcc/arm-none-eabi/10.3.1/../../../../arm-none-eabi/lib/thumb/v7e-m+fp/hard\libnosys.a(fstat.o)
 .ARM.attributes
                0x00000ede       0x34 c:/users/zongyo/documents/gcc-arm-none-eabi-10.3-2021.10/bin/../lib/gcc/arm-none-eabi/10.3.1/../../../../arm-none-eabi/lib/thumb/v7e-m+fp/hard\libnosys.a(getpid.o)
 .ARM.attributes
                0x00000f12       0x34 c:/users/zongyo/documents/gcc-arm-none-eabi-10.3-2021.10/bin/../lib/gcc/arm-none-eabi/10.3.1/../../../../arm-none-eabi/lib/thumb/v7e-m+fp/hard\libnosys.a(isatty.o)
 .ARM.attributes
                0x00000f46       0x34 c:/users/zongyo/documents/gcc-arm-none-eabi-10.3-2021.10/bin/../lib/gcc/arm-none-eabi/10.3.1/../../../../arm-none-eabi/lib/thumb/v7e-m+fp/hard\libnosys.a(kill.o)
 .ARM.attributes
                0x00000f7a       0x34 c:/users/zongyo/documents/gcc-arm-none-eabi-10.3-2021.10/bin/../lib/gcc/arm-none-eabi/10.3.1/../../../../arm-none-eabi/lib/thumb/v7e-m+fp/hard\libnosys.a(lseek.o)
 .ARM.attributes
                0x00000fae       0x34 c:/users/zongyo/documents/gcc-arm-none-eabi-10.3-2021.10/bin/../lib/gcc/arm-none-eabi/10.3.1/../../../../arm-none-eabi/lib/thumb/v7e-m+fp/hard\libnosys.a(read.o)
 .ARM.attributes
                0x00000fe2       0x34 c:/users/zongyo/documents/gcc-arm-none-eabi-10.3-2021.10/bin/../lib/gcc/arm-none-eabi/10.3.1/../../../../arm-none-eabi/lib/thumb/v7e-m+fp/hard\libnosys.a(sbrk.o)
 .ARM.attributes
                0x00001016       0x34 c:/users/zongyo/documents/gcc-arm-none-eabi-10.3-2021.10/bin/../lib/gcc/arm-none-eabi/10.3.1/../../../../arm-none-eabi/lib/thumb/v7e-m+fp/hard\libnosys.a(write.o)
 .ARM.attributes
                0x0000104a       0x34 c:/users/zongyo/documents/gcc-arm-none-eabi-10.3-2021.10/bin/../lib/gcc/arm-none-eabi/10.3.1/../../../../arm-none-eabi/lib/thumb/v7e-m+fp/hard\libnosys.a(_exit.o)
 .ARM.attributes
                0x0000107e       0x1e c:/users/zongyo/documents/gcc-arm-none-eabi-10.3-2021.10/bin/../lib/gcc/arm-none-eabi/10.3.1/thumb/v7e-m+fp/hard\libgcc.a(_arm_addsubdf3.o)
 .ARM.attributes
                0x0000109c       0x1e c:/users/zongyo/documents/gcc-arm-none-eabi-10.3-2021.10/bin/../lib/gcc/arm-none-eabi/10.3.1/thumb/v7e-m+fp/hard\libgcc.a(_arm_muldivdf3.o)
 .ARM.attributes
                0x000010ba       0x1e c:/users/zongyo/documents/gcc-arm-none-eabi-10.3-2021.10/bin/../lib/gcc/arm-none-eabi/10.3.1/thumb/v7e-m+fp/hard\libgcc.a(_arm_cmpdf2.o)
 .ARM.attributes
                0x000010d8       0x1e c:/users/zongyo/documents/gcc-arm-none-eabi-10.3-2021.10/bin/../lib/gcc/arm-none-eabi/10.3.1/thumb/v7e-m+fp/hard\libgcc.a(_arm_unorddf2.o)
 .ARM.attributes
                0x000010f6       0x1e c:/users/zongyo/documents/gcc-arm-none-eabi-10.3-2021.10/bin/../lib/gcc/arm-none-eabi/10.3.1/thumb/v7e-m+fp/hard\libgcc.a(_arm_fixdfsi.o)
 .ARM.attributes
                0x00001114       0x1e c:/users/zongyo/documents/gcc-arm-none-eabi-10.3-2021.10/bin/../lib/gcc/arm-none-eabi/10.3.1/thumb/v7e-m+fp/hard\libgcc.a(_aeabi_uldivmod.o)
 .ARM.attributes
                0x00001132       0x34 c:/users/zongyo/documents/gcc-arm-none-eabi-10.3-2021.10/bin/../lib/gcc/arm-none-eabi/10.3.1/thumb/v7e-m+fp/hard\libgcc.a(_udivmoddi4.o)
 .ARM.attributes
                0x00001166       0x1e c:/users/zongyo/documents/gcc-arm-none-eabi-10.3-2021.10/bin/../lib/gcc/arm-none-eabi/10.3.1/thumb/v7e-m+fp/hard\libgcc.a(_dvmd_tls.o)
 .ARM.attributes
                0x00001184       0x1e c:/users/zongyo/documents/gcc-arm-none-eabi-10.3-2021.10/bin/../lib/gcc/arm-none-eabi/10.3.1/thumb/v7e-m+fp/hard/crtn.o
OUTPUT(build/stm32f446_motocontrol.elf elf32-littlearm)
LOAD linker stubs
LOAD c:/users/zongyo/documents/gcc-arm-none-eabi-10.3-2021.10/bin/../lib/gcc/arm-none-eabi/10.3.1/../../../../arm-none-eabi/lib/thumb/v7e-m+fp/hard\libc.a
LOAD c:/users/zongyo/documents/gcc-arm-none-eabi-10.3-2021.10/bin/../lib/gcc/arm-none-eabi/10.3.1/../../../../arm-none-eabi/lib/thumb/v7e-m+fp/hard\libm.a
LOAD c:/users/zongyo/documents/gcc-arm-none-eabi-10.3-2021.10/bin/../lib/gcc/arm-none-eabi/10.3.1/thumb/v7e-m+fp/hard\libgcc.a

.debug_info     0x00000000    0x19e33
 .debug_info    0x00000000      0x121 build/fir.o
 .debug_info    0x00000121     0x18c9 build/main.o
 .debug_info    0x000019ea      0x576 build/gpio.o
 .debug_info    0x00001f60      0xbc9 build/spi.o
 .debug_info    0x00002b29      0xb02 build/usart.o
 .debug_info    0x0000362b      0xbd2 build/stm32f4xx_it.o
 .debug_info    0x000041fd      0x355 build/stm32f4xx_hal_msp.o
 .debug_info    0x00004552     0x2015 build/stm32f4xx_hal_spi.o
 .debug_info    0x00006567      0xc39 build/stm32f4xx_hal_rcc.o
 .debug_info    0x000071a0      0xdc5 build/stm32f4xx_hal_rcc_ex.o
 .debug_info    0x00007f65      0x8ac build/stm32f4xx_hal_gpio.o
 .debug_info    0x00008811      0xbd1 build/stm32f4xx_hal_dma.o
 .debug_info    0x000093e2     0x1192 build/stm32f4xx_hal_cortex.o
 .debug_info    0x0000a574      0xb31 build/stm32f4xx_hal.o
 .debug_info    0x0000b0a5     0x4061 build/stm32f4xx_hal_tim.o
 .debug_info    0x0000f106     0x1c6a build/stm32f4xx_hal_tim_ex.o
 .debug_info    0x00010d70     0x43e7 build/stm32f4xx_hal_uart.o
 .debug_info    0x00015157      0x5f7 build/system_stm32f4xx.o
 .debug_info    0x0001574e     0x118e build/adc.o
 .debug_info    0x000168dc     0x116b build/tim.o
 .debug_info    0x00017a47     0x100a build/stm32f4xx_hal_adc.o
 .debug_info    0x00018a51      0xdad build/stm32f4xx_hal_adc_ex.o
 .debug_info    0x000197fe      0x613 build/dma.o
 .debug_info    0x00019e11       0x22 build/startup_stm32f446xx.o

.debug_abbrev   0x00000000     0x3163
 .debug_abbrev  0x00000000       0xb6 build/fir.o
 .debug_abbrev  0x000000b6      0x285 build/main.o
 .debug_abbrev  0x0000033b      0x151 build/gpio.o
 .debug_abbrev  0x0000048c      0x1d7 build/spi.o
 .debug_abbrev  0x00000663      0x1de build/usart.o
 .debug_abbrev  0x00000841      0x1bd build/stm32f4xx_it.o
 .debug_abbrev  0x000009fe       0xf7 build/stm32f4xx_hal_msp.o
 .debug_abbrev  0x00000af5      0x2a6 build/stm32f4xx_hal_spi.o
 .debug_abbrev  0x00000d9b      0x2aa build/stm32f4xx_hal_rcc.o
 .debug_abbrev  0x00001045      0x240 build/stm32f4xx_hal_rcc_ex.o
 .debug_abbrev  0x00001285      0x22b build/stm32f4xx_hal_gpio.o
 .debug_abbrev  0x000014b0      0x2ff build/stm32f4xx_hal_dma.o
 .debug_abbrev  0x000017af      0x382 build/stm32f4xx_hal_cortex.o
 .debug_abbrev  0x00001b31      0x209 build/stm32f4xx_hal.o
 .debug_abbrev  0x00001d3a      0x282 build/stm32f4xx_hal_tim.o
 .debug_abbrev  0x00001fbc      0x298 build/stm32f4xx_hal_tim_ex.o
 .debug_abbrev  0x00002254      0x356 build/stm32f4xx_hal_uart.o
 .debug_abbrev  0x000025aa      0x11b build/system_stm32f4xx.o
 .debug_abbrev  0x000026c5      0x229 build/adc.o
 .debug_abbrev  0x000028ee      0x1f3 build/tim.o
 .debug_abbrev  0x00002ae1      0x292 build/stm32f4xx_hal_adc.o
 .debug_abbrev  0x00002d73      0x2b5 build/stm32f4xx_hal_adc_ex.o
 .debug_abbrev  0x00003028      0x129 build/dma.o
 .debug_abbrev  0x00003151       0x12 build/startup_stm32f446xx.o

.debug_loc      0x00000000    0x149fb
 .debug_loc     0x00000000       0x8a build/fir.o
 .debug_loc     0x0000008a       0x95 build/main.o
 .debug_loc     0x0000011f       0x39 build/gpio.o
 .debug_loc     0x00000158      0x108 build/spi.o
 .debug_loc     0x00000260      0x108 build/usart.o
 .debug_loc     0x00000368       0xc0 build/stm32f4xx_it.o
 .debug_loc     0x00000428       0x38 build/stm32f4xx_hal_msp.o
 .debug_loc     0x00000460     0x2501 build/stm32f4xx_hal_spi.o
 .debug_loc     0x00002961      0x6e4 build/stm32f4xx_hal_rcc.o
 .debug_loc     0x00003045     0x100b build/stm32f4xx_hal_rcc_ex.o
 .debug_loc     0x00004050      0x5e8 build/stm32f4xx_hal_gpio.o
 .debug_loc     0x00004638      0xd6d build/stm32f4xx_hal_dma.o
 .debug_loc     0x000053a5      0x7a4 build/stm32f4xx_hal_cortex.o
 .debug_loc     0x00005b49      0x1e1 build/stm32f4xx_hal.o
 .debug_loc     0x00005d2a     0x5ba0 build/stm32f4xx_hal_tim.o
 .debug_loc     0x0000b8ca     0x2137 build/stm32f4xx_hal_tim_ex.o
 .debug_loc     0x0000da01     0x4fef build/stm32f4xx_hal_uart.o
 .debug_loc     0x000129f0      0x158 build/system_stm32f4xx.o
 .debug_loc     0x00012b48      0x212 build/adc.o
 .debug_loc     0x00012d5a      0x1b2 build/tim.o
 .debug_loc     0x00012f0c      0xe2d build/stm32f4xx_hal_adc.o
 .debug_loc     0x00013d39      0xc8a build/stm32f4xx_hal_adc_ex.o
 .debug_loc     0x000149c3       0x38 build/dma.o

.debug_aranges  0x00000000     0x1060
 .debug_aranges
                0x00000000       0x20 build/fir.o
 .debug_aranges
                0x00000020       0x30 build/main.o
 .debug_aranges
                0x00000050       0x20 build/gpio.o
 .debug_aranges
                0x00000070       0x30 build/spi.o
 .debug_aranges
                0x000000a0       0x30 build/usart.o
 .debug_aranges
                0x000000d0       0x88 build/stm32f4xx_it.o
 .debug_aranges
                0x00000158       0x20 build/stm32f4xx_hal_msp.o
 .debug_aranges
                0x00000178      0x1d0 build/stm32f4xx_hal_spi.o
 .debug_aranges
                0x00000348       0x88 build/stm32f4xx_hal_rcc.o
 .debug_aranges
                0x000003d0       0x78 build/stm32f4xx_hal_rcc_ex.o
 .debug_aranges
                0x00000448       0x58 build/stm32f4xx_hal_gpio.o
 .debug_aranges
                0x000004a0       0x90 build/stm32f4xx_hal_dma.o
 .debug_aranges
                0x00000530       0xa8 build/stm32f4xx_hal_cortex.o
 .debug_aranges
                0x000005d8       0xf0 build/stm32f4xx_hal.o
 .debug_aranges
                0x000006c8      0x3d0 build/stm32f4xx_hal_tim.o
 .debug_aranges
                0x00000a98      0x168 build/stm32f4xx_hal_tim_ex.o
 .debug_aranges
                0x00000c00      0x200 build/stm32f4xx_hal_uart.o
 .debug_aranges
                0x00000e00       0x28 build/system_stm32f4xx.o
 .debug_aranges
                0x00000e28       0x40 build/adc.o
 .debug_aranges
                0x00000e68       0x38 build/tim.o
 .debug_aranges
                0x00000ea0       0xe8 build/stm32f4xx_hal_adc.o
 .debug_aranges
                0x00000f88       0x90 build/stm32f4xx_hal_adc_ex.o
 .debug_aranges
                0x00001018       0x20 build/dma.o
 .debug_aranges
                0x00001038       0x28 build/startup_stm32f446xx.o

.debug_ranges   0x00000000      0xfa8
 .debug_ranges  0x00000000       0x28 build/fir.o
 .debug_ranges  0x00000028       0x20 build/main.o
 .debug_ranges  0x00000048       0x10 build/gpio.o
 .debug_ranges  0x00000058       0x20 build/spi.o
 .debug_ranges  0x00000078       0x20 build/usart.o
 .debug_ranges  0x00000098       0x78 build/stm32f4xx_it.o
 .debug_ranges  0x00000110       0x10 build/stm32f4xx_hal_msp.o
 .debug_ranges  0x00000120      0x1c0 build/stm32f4xx_hal_spi.o
 .debug_ranges  0x000002e0       0x90 build/stm32f4xx_hal_rcc.o
 .debug_ranges  0x00000370       0x80 build/stm32f4xx_hal_rcc_ex.o
 .debug_ranges  0x000003f0       0x48 build/stm32f4xx_hal_gpio.o
 .debug_ranges  0x00000438       0x80 build/stm32f4xx_hal_dma.o
 .debug_ranges  0x000004b8       0xf8 build/stm32f4xx_hal_cortex.o
 .debug_ranges  0x000005b0       0xe0 build/stm32f4xx_hal.o
 .debug_ranges  0x00000690      0x3c0 build/stm32f4xx_hal_tim.o
 .debug_ranges  0x00000a50      0x158 build/stm32f4xx_hal_tim_ex.o
 .debug_ranges  0x00000ba8      0x208 build/stm32f4xx_hal_uart.o
 .debug_ranges  0x00000db0       0x18 build/system_stm32f4xx.o
 .debug_ranges  0x00000dc8       0x30 build/adc.o
 .debug_ranges  0x00000df8       0x28 build/tim.o
 .debug_ranges  0x00000e20       0xd8 build/stm32f4xx_hal_adc.o
 .debug_ranges  0x00000ef8       0x80 build/stm32f4xx_hal_adc_ex.o
 .debug_ranges  0x00000f78       0x10 build/dma.o
 .debug_ranges  0x00000f88       0x20 build/startup_stm32f446xx.o

.debug_line     0x00000000    0x15313
 .debug_line    0x00000000      0x160 build/fir.o
 .debug_line    0x00000160      0x54b build/main.o
 .debug_line    0x000006ab      0x203 build/gpio.o
 .debug_line    0x000008ae      0x349 build/spi.o
 .debug_line    0x00000bf7      0x2d1 build/usart.o
 .debug_line    0x00000ec8      0x367 build/stm32f4xx_it.o
 .debug_line    0x0000122f      0x1a2 build/stm32f4xx_hal_msp.o
 .debug_line    0x000013d1     0x24f5 build/stm32f4xx_hal_spi.o
 .debug_line    0x000038c6      0xb23 build/stm32f4xx_hal_rcc.o
 .debug_line    0x000043e9     0x139b build/stm32f4xx_hal_rcc_ex.o
 .debug_line    0x00005784      0x6e3 build/stm32f4xx_hal_gpio.o
 .debug_line    0x00005e67      0xe31 build/stm32f4xx_hal_dma.o
 .debug_line    0x00006c98      0x784 build/stm32f4xx_hal_cortex.o
 .debug_line    0x0000741c      0x571 build/stm32f4xx_hal.o
 .debug_line    0x0000798d     0x4aae build/stm32f4xx_hal_tim.o
 .debug_line    0x0000c43b     0x1cd2 build/stm32f4xx_hal_tim_ex.o
 .debug_line    0x0000e10d     0x45fa build/stm32f4xx_hal_uart.o
 .debug_line    0x00012707      0x25c build/system_stm32f4xx.o
 .debug_line    0x00012963      0x65e build/adc.o
 .debug_line    0x00012fc1      0x40d build/tim.o
 .debug_line    0x000133ce     0x10cc build/stm32f4xx_hal_adc.o
 .debug_line    0x0001449a      0xc70 build/stm32f4xx_hal_adc_ex.o
 .debug_line    0x0001510a      0x193 build/dma.o
 .debug_line    0x0001529d       0x76 build/startup_stm32f446xx.o

.debug_str      0x00000000     0x4e0c
 .debug_str     0x00000000      0x183 build/fir.o
                                0x1cd (size before relaxing)
 .debug_str     0x00000183      0xd9b build/main.o
                               0x101c (size before relaxing)
 .debug_str     0x00000f1e       0xb4 build/gpio.o
                                0x38d (size before relaxing)
 .debug_str     0x00000fd2       0x48 build/spi.o
                                0x816 (size before relaxing)
 .debug_str     0x0000101a       0x4e build/usart.o
                                0x81d (size before relaxing)
 .debug_str     0x00001068      0x163 build/stm32f4xx_it.o
                                0x9bc (size before relaxing)
 .debug_str     0x000011cb       0x46 build/stm32f4xx_hal_msp.o
                                0x2f9 (size before relaxing)
 .debug_str     0x00001211      0x581 build/stm32f4xx_hal_spi.o
                                0xbf6 (size before relaxing)
 .debug_str     0x00001792      0x1fe build/stm32f4xx_hal_rcc.o
                                0x72c (size before relaxing)
 .debug_str     0x00001990      0x344 build/stm32f4xx_hal_rcc_ex.o
                                0x813 (size before relaxing)
 .debug_str     0x00001cd4      0x120 build/stm32f4xx_hal_gpio.o
                                0x501 (size before relaxing)
 .debug_str     0x00001df4      0x2c0 build/stm32f4xx_hal_dma.o
                                0x772 (size before relaxing)
 .debug_str     0x000020b4      0x9f8 build/stm32f4xx_hal_cortex.o
                                0xc69 (size before relaxing)
 .debug_str     0x00002aac      0x295 build/stm32f4xx_hal.o
                                0xbbc (size before relaxing)
 .debug_str     0x00002d41      0xec8 build/stm32f4xx_hal_tim.o
                               0x16b5 (size before relaxing)
 .debug_str     0x00003c09      0x591 build/stm32f4xx_hal_tim_ex.o
                                0xeb6 (size before relaxing)
 .debug_str     0x0000419a      0x5df build/stm32f4xx_hal_uart.o
                                0xd55 (size before relaxing)
 .debug_str     0x00004779       0x47 build/system_stm32f4xx.o
                                0x396 (size before relaxing)
 .debug_str     0x000047c0       0x75 build/adc.o